<?xml version="1.0" encoding="ISO-8859-1" ?>
<link_info>
   <banner>MSP430 Linker PC v18.1.3.LTS</banner>
   <copyright>Copyright (c) 2003-2017 Texas Instruments Incorporated</copyright>
   <link_time>0x5bb297e8</link_time>
   <link_errors>0x0</link_errors>
   <output_file>CES_HRMWatch_PC_EVM_GUI_v2.0-CCS.out</output_file>
   <entry_point>
      <name>_c_int00_noargs</name>
      <address>0x4908</address>
   </entry_point>
   <input_file_list>
      <input_file id="fl-2">
         <path>.\</path>
         <kind>object</kind>
         <file>AFE44xx_main.obj</file>
         <name>AFE44xx_main.obj</name>
      </input_file>
      <input_file id="fl-3">
         <path>.\AFE44x0_MSP430F5528_APP\</path>
         <kind>object</kind>
         <file>AFE44xx.obj</file>
         <name>AFE44xx.obj</name>
      </input_file>
      <input_file id="fl-4">
         <path>.\AFE44x0_MSP430F5528_APP\</path>
         <kind>object</kind>
         <file>CalibrationRoutine.obj</file>
         <name>CalibrationRoutine.obj</name>
      </input_file>
      <input_file id="fl-5">
         <path>.\AFE44x0_MSP430F5528_APP\</path>
         <kind>object</kind>
         <file>config_AFE4403.obj</file>
         <name>config_AFE4403.obj</name>
      </input_file>
      <input_file id="fl-6">
         <path>.\F5xx_F6xx_Core_Lib\</path>
         <kind>object</kind>
         <file>BLE.obj</file>
         <name>BLE.obj</name>
      </input_file>
      <input_file id="fl-7">
         <path>.\F5xx_F6xx_Core_Lib\</path>
         <kind>object</kind>
         <file>HAL_FLASH.obj</file>
         <name>HAL_FLASH.obj</name>
      </input_file>
      <input_file id="fl-8">
         <path>.\F5xx_F6xx_Core_Lib\</path>
         <kind>object</kind>
         <file>HAL_I2C.obj</file>
         <name>HAL_I2C.obj</name>
      </input_file>
      <input_file id="fl-9">
         <path>.\F5xx_F6xx_Core_Lib\</path>
         <kind>object</kind>
         <file>HAL_PMAP.obj</file>
         <name>HAL_PMAP.obj</name>
      </input_file>
      <input_file id="fl-a">
         <path>.\F5xx_F6xx_Core_Lib\</path>
         <kind>object</kind>
         <file>HAL_PMM.obj</file>
         <name>HAL_PMM.obj</name>
      </input_file>
      <input_file id="fl-b">
         <path>.\F5xx_F6xx_Core_Lib\</path>
         <kind>object</kind>
         <file>HAL_TLV.obj</file>
         <name>HAL_TLV.obj</name>
      </input_file>
      <input_file id="fl-c">
         <path>.\F5xx_F6xx_Core_Lib\</path>
         <kind>object</kind>
         <file>HAL_UCS.obj</file>
         <name>HAL_UCS.obj</name>
      </input_file>
      <input_file id="fl-d">
         <path>.\F5xx_F6xx_Core_Lib\</path>
         <kind>object</kind>
         <file>MPU9150.obj</file>
         <name>MPU9150.obj</name>
      </input_file>
      <input_file id="fl-e">
         <path>.\F5xx_F6xx_Core_Lib\</path>
         <kind>object</kind>
         <file>adc10_a.obj</file>
         <name>adc10_a.obj</name>
      </input_file>
      <input_file id="fl-f">
         <path>.\F5xx_F6xx_Core_Lib\</path>
         <kind>object</kind>
         <file>adc12_a.obj</file>
         <name>adc12_a.obj</name>
      </input_file>
      <input_file id="fl-10">
         <path>.\F5xx_F6xx_Core_Lib\</path>
         <kind>object</kind>
         <file>aes.obj</file>
         <name>aes.obj</name>
      </input_file>
      <input_file id="fl-11">
         <path>.\F5xx_F6xx_Core_Lib\</path>
         <kind>object</kind>
         <file>battbak.obj</file>
         <name>battbak.obj</name>
      </input_file>
      <input_file id="fl-12">
         <path>.\F5xx_F6xx_Core_Lib\</path>
         <kind>object</kind>
         <file>comp_b.obj</file>
         <name>comp_b.obj</name>
      </input_file>
      <input_file id="fl-13">
         <path>.\F5xx_F6xx_Core_Lib\</path>
         <kind>object</kind>
         <file>crc.obj</file>
         <name>crc.obj</name>
      </input_file>
      <input_file id="fl-14">
         <path>.\F5xx_F6xx_Core_Lib\</path>
         <kind>object</kind>
         <file>dac12_a.obj</file>
         <name>dac12_a.obj</name>
      </input_file>
      <input_file id="fl-15">
         <path>.\F5xx_F6xx_Core_Lib\</path>
         <kind>object</kind>
         <file>dma.obj</file>
         <name>dma.obj</name>
      </input_file>
      <input_file id="fl-16">
         <path>.\F5xx_F6xx_Core_Lib\</path>
         <kind>object</kind>
         <file>eusci_a_spi.obj</file>
         <name>eusci_a_spi.obj</name>
      </input_file>
      <input_file id="fl-17">
         <path>.\F5xx_F6xx_Core_Lib\</path>
         <kind>object</kind>
         <file>eusci_a_uart.obj</file>
         <name>eusci_a_uart.obj</name>
      </input_file>
      <input_file id="fl-18">
         <path>.\F5xx_F6xx_Core_Lib\</path>
         <kind>object</kind>
         <file>eusci_b_i2c.obj</file>
         <name>eusci_b_i2c.obj</name>
      </input_file>
      <input_file id="fl-19">
         <path>.\F5xx_F6xx_Core_Lib\</path>
         <kind>object</kind>
         <file>eusci_b_spi.obj</file>
         <name>eusci_b_spi.obj</name>
      </input_file>
      <input_file id="fl-1a">
         <path>.\F5xx_F6xx_Core_Lib\</path>
         <kind>object</kind>
         <file>eusci_i2c.obj</file>
         <name>eusci_i2c.obj</name>
      </input_file>
      <input_file id="fl-1b">
         <path>.\F5xx_F6xx_Core_Lib\</path>
         <kind>object</kind>
         <file>eusci_spi.obj</file>
         <name>eusci_spi.obj</name>
      </input_file>
      <input_file id="fl-1c">
         <path>.\F5xx_F6xx_Core_Lib\</path>
         <kind>object</kind>
         <file>eusci_uart.obj</file>
         <name>eusci_uart.obj</name>
      </input_file>
      <input_file id="fl-1d">
         <path>.\F5xx_F6xx_Core_Lib\</path>
         <kind>object</kind>
         <file>flashctl.obj</file>
         <name>flashctl.obj</name>
      </input_file>
      <input_file id="fl-1e">
         <path>.\F5xx_F6xx_Core_Lib\</path>
         <kind>object</kind>
         <file>fuelGauge.obj</file>
         <name>fuelGauge.obj</name>
      </input_file>
      <input_file id="fl-1f">
         <path>.\F5xx_F6xx_Core_Lib\</path>
         <kind>object</kind>
         <file>gpio.obj</file>
         <name>gpio.obj</name>
      </input_file>
      <input_file id="fl-20">
         <path>.\F5xx_F6xx_Core_Lib\</path>
         <kind>object</kind>
         <file>ldopwr.obj</file>
         <name>ldopwr.obj</name>
      </input_file>
      <input_file id="fl-21">
         <path>.\F5xx_F6xx_Core_Lib\</path>
         <kind>object</kind>
         <file>mpy32.obj</file>
         <name>mpy32.obj</name>
      </input_file>
      <input_file id="fl-22">
         <path>.\F5xx_F6xx_Core_Lib\</path>
         <kind>object</kind>
         <file>pmap.obj</file>
         <name>pmap.obj</name>
      </input_file>
      <input_file id="fl-23">
         <path>.\F5xx_F6xx_Core_Lib\</path>
         <kind>object</kind>
         <file>pmm.obj</file>
         <name>pmm.obj</name>
      </input_file>
      <input_file id="fl-24">
         <path>.\F5xx_F6xx_Core_Lib\</path>
         <kind>object</kind>
         <file>prg_info.obj</file>
         <name>prg_info.obj</name>
      </input_file>
      <input_file id="fl-25">
         <path>.\F5xx_F6xx_Core_Lib\</path>
         <kind>object</kind>
         <file>ram.obj</file>
         <name>ram.obj</name>
      </input_file>
      <input_file id="fl-26">
         <path>.\F5xx_F6xx_Core_Lib\</path>
         <kind>object</kind>
         <file>ref.obj</file>
         <name>ref.obj</name>
      </input_file>
      <input_file id="fl-27">
         <path>.\F5xx_F6xx_Core_Lib\</path>
         <kind>object</kind>
         <file>rtc_a.obj</file>
         <name>rtc_a.obj</name>
      </input_file>
      <input_file id="fl-28">
         <path>.\F5xx_F6xx_Core_Lib\</path>
         <kind>object</kind>
         <file>rtc_b.obj</file>
         <name>rtc_b.obj</name>
      </input_file>
      <input_file id="fl-29">
         <path>.\F5xx_F6xx_Core_Lib\</path>
         <kind>object</kind>
         <file>rtc_c.obj</file>
         <name>rtc_c.obj</name>
      </input_file>
      <input_file id="fl-2a">
         <path>.\F5xx_F6xx_Core_Lib\</path>
         <kind>object</kind>
         <file>sd24_b.obj</file>
         <name>sd24_b.obj</name>
      </input_file>
      <input_file id="fl-2b">
         <path>.\F5xx_F6xx_Core_Lib\</path>
         <kind>object</kind>
         <file>setMCLK.obj</file>
         <name>setMCLK.obj</name>
      </input_file>
      <input_file id="fl-2c">
         <path>.\F5xx_F6xx_Core_Lib\</path>
         <kind>object</kind>
         <file>sfr.obj</file>
         <name>sfr.obj</name>
      </input_file>
      <input_file id="fl-2d">
         <path>.\F5xx_F6xx_Core_Lib\</path>
         <kind>object</kind>
         <file>spansion_config_flash.obj</file>
         <name>spansion_config_flash.obj</name>
      </input_file>
      <input_file id="fl-2e">
         <path>.\F5xx_F6xx_Core_Lib\</path>
         <kind>object</kind>
         <file>spansion_flash.obj</file>
         <name>spansion_flash.obj</name>
      </input_file>
      <input_file id="fl-2f">
         <path>.\F5xx_F6xx_Core_Lib\</path>
         <kind>object</kind>
         <file>sysctl.obj</file>
         <name>sysctl.obj</name>
      </input_file>
      <input_file id="fl-30">
         <path>.\F5xx_F6xx_Core_Lib\</path>
         <kind>object</kind>
         <file>tec.obj</file>
         <name>tec.obj</name>
      </input_file>
      <input_file id="fl-31">
         <path>.\F5xx_F6xx_Core_Lib\</path>
         <kind>object</kind>
         <file>timer_a.obj</file>
         <name>timer_a.obj</name>
      </input_file>
      <input_file id="fl-32">
         <path>.\F5xx_F6xx_Core_Lib\</path>
         <kind>object</kind>
         <file>timer_b.obj</file>
         <name>timer_b.obj</name>
      </input_file>
      <input_file id="fl-33">
         <path>.\F5xx_F6xx_Core_Lib\</path>
         <kind>object</kind>
         <file>timer_d.obj</file>
         <name>timer_d.obj</name>
      </input_file>
      <input_file id="fl-34">
         <path>.\F5xx_F6xx_Core_Lib\</path>
         <kind>object</kind>
         <file>tlv.obj</file>
         <name>tlv.obj</name>
      </input_file>
      <input_file id="fl-35">
         <path>.\F5xx_F6xx_Core_Lib\</path>
         <kind>object</kind>
         <file>ucs.obj</file>
         <name>ucs.obj</name>
      </input_file>
      <input_file id="fl-36">
         <path>.\F5xx_F6xx_Core_Lib\</path>
         <kind>object</kind>
         <file>usci_a_spi.obj</file>
         <name>usci_a_spi.obj</name>
      </input_file>
      <input_file id="fl-37">
         <path>.\F5xx_F6xx_Core_Lib\</path>
         <kind>object</kind>
         <file>usci_a_uart.obj</file>
         <name>usci_a_uart.obj</name>
      </input_file>
      <input_file id="fl-38">
         <path>.\F5xx_F6xx_Core_Lib\</path>
         <kind>object</kind>
         <file>usci_b_i2c.obj</file>
         <name>usci_b_i2c.obj</name>
      </input_file>
      <input_file id="fl-39">
         <path>.\F5xx_F6xx_Core_Lib\</path>
         <kind>object</kind>
         <file>usci_b_spi.obj</file>
         <name>usci_b_spi.obj</name>
      </input_file>
      <input_file id="fl-3a">
         <path>.\F5xx_F6xx_Core_Lib\</path>
         <kind>object</kind>
         <file>usci_i2c.obj</file>
         <name>usci_i2c.obj</name>
      </input_file>
      <input_file id="fl-3b">
         <path>.\F5xx_F6xx_Core_Lib\</path>
         <kind>object</kind>
         <file>usci_spi.obj</file>
         <name>usci_spi.obj</name>
      </input_file>
      <input_file id="fl-3c">
         <path>.\F5xx_F6xx_Core_Lib\</path>
         <kind>object</kind>
         <file>usci_uart.obj</file>
         <name>usci_uart.obj</name>
      </input_file>
      <input_file id="fl-3d">
         <path>.\F5xx_F6xx_Core_Lib\</path>
         <kind>object</kind>
         <file>usci_uartbaudrate.obj</file>
         <name>usci_uartbaudrate.obj</name>
      </input_file>
      <input_file id="fl-3e">
         <path>.\F5xx_F6xx_Core_Lib\</path>
         <kind>object</kind>
         <file>wdt_a.obj</file>
         <name>wdt_a.obj</name>
      </input_file>
      <input_file id="fl-3f">
         <path>.\USB\USB_API\USB_CDC_API\</path>
         <kind>object</kind>
         <file>UsbCdc.obj</file>
         <name>UsbCdc.obj</name>
      </input_file>
      <input_file id="fl-40">
         <path>.\USB\USB_API\USB_Common\</path>
         <kind>object</kind>
         <file>dma.obj</file>
         <name>dma.obj</name>
      </input_file>
      <input_file id="fl-41">
         <path>.\USB\USB_API\USB_Common\</path>
         <kind>object</kind>
         <file>usb.obj</file>
         <name>usb.obj</name>
      </input_file>
      <input_file id="fl-42">
         <path>.\USB\USB_API\USB_HID_API\</path>
         <kind>object</kind>
         <file>UsbHid.obj</file>
         <name>UsbHid.obj</name>
      </input_file>
      <input_file id="fl-43">
         <path>.\USB\USB_API\USB_HID_API\</path>
         <kind>object</kind>
         <file>UsbHidReq.obj</file>
         <name>UsbHidReq.obj</name>
      </input_file>
      <input_file id="fl-44">
         <path>.\USB\USB_API\USB_MSC_API\</path>
         <kind>object</kind>
         <file>UsbMscReq.obj</file>
         <name>UsbMscReq.obj</name>
      </input_file>
      <input_file id="fl-45">
         <path>.\USB\USB_API\USB_MSC_API\</path>
         <kind>object</kind>
         <file>UsbMscScsi.obj</file>
         <name>UsbMscScsi.obj</name>
      </input_file>
      <input_file id="fl-46">
         <path>.\USB\USB_API\USB_MSC_API\</path>
         <kind>object</kind>
         <file>UsbMscStateMachine.obj</file>
         <name>UsbMscStateMachine.obj</name>
      </input_file>
      <input_file id="fl-47">
         <path>.\USB\USB_API\USB_PHDC_API\</path>
         <kind>object</kind>
         <file>UsbPHDC.obj</file>
         <name>UsbPHDC.obj</name>
      </input_file>
      <input_file id="fl-48">
         <path>.\USB\USB_User\</path>
         <kind>object</kind>
         <file>usbConstructs.obj</file>
         <name>usbConstructs.obj</name>
      </input_file>
      <input_file id="fl-49">
         <path>.\USB\USB_User\</path>
         <kind>object</kind>
         <file>usbEventHandling.obj</file>
         <name>usbEventHandling.obj</name>
      </input_file>
      <input_file id="fl-4a">
         <path>.\USB\USB_config\</path>
         <kind>object</kind>
         <file>UsbIsr.obj</file>
         <name>UsbIsr.obj</name>
      </input_file>
      <input_file id="fl-4b">
         <path>.\USB\USB_config\</path>
         <kind>object</kind>
         <file>descriptors.obj</file>
         <name>descriptors.obj</name>
      </input_file>
      <input_file id="fl-51">
         <kind>object</kind>
         <file>&lt;internal&gt;</file>
         <name>&lt;internal&gt;</name>
      </input_file>
      <input_file id="fl-67">
         <path>C:\ti\ccsv8\tools\compiler\ti-cgt-msp430_18.1.3.LTS\lib\</path>
         <kind>archive</kind>
         <file>rts430x_lc_sd_eabi.lib</file>
         <name>div16s.asm.obj</name>
      </input_file>
      <input_file id="fl-68">
         <path>C:\ti\ccsv8\tools\compiler\ti-cgt-msp430_18.1.3.LTS\lib\</path>
         <kind>archive</kind>
         <file>rts430x_lc_sd_eabi.lib</file>
         <name>div16u.asm.obj</name>
      </input_file>
      <input_file id="fl-69">
         <path>C:\ti\ccsv8\tools\compiler\ti-cgt-msp430_18.1.3.LTS\lib\</path>
         <kind>archive</kind>
         <file>rts430x_lc_sd_eabi.lib</file>
         <name>div32s.asm.obj</name>
      </input_file>
      <input_file id="fl-6a">
         <path>C:\ti\ccsv8\tools\compiler\ti-cgt-msp430_18.1.3.LTS\lib\</path>
         <kind>archive</kind>
         <file>rts430x_lc_sd_eabi.lib</file>
         <name>div32u.asm.obj</name>
      </input_file>
      <input_file id="fl-6b">
         <path>C:\ti\ccsv8\tools\compiler\ti-cgt-msp430_18.1.3.LTS\lib\</path>
         <kind>archive</kind>
         <file>rts430x_lc_sd_eabi.lib</file>
         <name>int41.asm.obj</name>
      </input_file>
      <input_file id="fl-6c">
         <path>C:\ti\ccsv8\tools\compiler\ti-cgt-msp430_18.1.3.LTS\lib\</path>
         <kind>archive</kind>
         <file>rts430x_lc_sd_eabi.lib</file>
         <name>int43.asm.obj</name>
      </input_file>
      <input_file id="fl-6d">
         <path>C:\ti\ccsv8\tools\compiler\ti-cgt-msp430_18.1.3.LTS\lib\</path>
         <kind>archive</kind>
         <file>rts430x_lc_sd_eabi.lib</file>
         <name>int44.asm.obj</name>
      </input_file>
      <input_file id="fl-6e">
         <path>C:\ti\ccsv8\tools\compiler\ti-cgt-msp430_18.1.3.LTS\lib\</path>
         <kind>archive</kind>
         <file>rts430x_lc_sd_eabi.lib</file>
         <name>int45.asm.obj</name>
      </input_file>
      <input_file id="fl-6f">
         <path>C:\ti\ccsv8\tools\compiler\ti-cgt-msp430_18.1.3.LTS\lib\</path>
         <kind>archive</kind>
         <file>rts430x_lc_sd_eabi.lib</file>
         <name>int46.asm.obj</name>
      </input_file>
      <input_file id="fl-70">
         <path>C:\ti\ccsv8\tools\compiler\ti-cgt-msp430_18.1.3.LTS\lib\</path>
         <kind>archive</kind>
         <file>rts430x_lc_sd_eabi.lib</file>
         <name>int48.asm.obj</name>
      </input_file>
      <input_file id="fl-71">
         <path>C:\ti\ccsv8\tools\compiler\ti-cgt-msp430_18.1.3.LTS\lib\</path>
         <kind>archive</kind>
         <file>rts430x_lc_sd_eabi.lib</file>
         <name>int50.asm.obj</name>
      </input_file>
      <input_file id="fl-72">
         <path>C:\ti\ccsv8\tools\compiler\ti-cgt-msp430_18.1.3.LTS\lib\</path>
         <kind>archive</kind>
         <file>rts430x_lc_sd_eabi.lib</file>
         <name>int52.asm.obj</name>
      </input_file>
      <input_file id="fl-73">
         <path>C:\ti\ccsv8\tools\compiler\ti-cgt-msp430_18.1.3.LTS\lib\</path>
         <kind>archive</kind>
         <file>rts430x_lc_sd_eabi.lib</file>
         <name>int53.asm.obj</name>
      </input_file>
      <input_file id="fl-74">
         <path>C:\ti\ccsv8\tools\compiler\ti-cgt-msp430_18.1.3.LTS\lib\</path>
         <kind>archive</kind>
         <file>rts430x_lc_sd_eabi.lib</file>
         <name>int54.asm.obj</name>
      </input_file>
      <input_file id="fl-75">
         <path>C:\ti\ccsv8\tools\compiler\ti-cgt-msp430_18.1.3.LTS\lib\</path>
         <kind>archive</kind>
         <file>rts430x_lc_sd_eabi.lib</file>
         <name>int55.asm.obj</name>
      </input_file>
      <input_file id="fl-76">
         <path>C:\ti\ccsv8\tools\compiler\ti-cgt-msp430_18.1.3.LTS\lib\</path>
         <kind>archive</kind>
         <file>rts430x_lc_sd_eabi.lib</file>
         <name>int57.asm.obj</name>
      </input_file>
      <input_file id="fl-77">
         <path>C:\ti\ccsv8\tools\compiler\ti-cgt-msp430_18.1.3.LTS\lib\</path>
         <kind>archive</kind>
         <file>rts430x_lc_sd_eabi.lib</file>
         <name>int58.asm.obj</name>
      </input_file>
      <input_file id="fl-78">
         <path>C:\ti\ccsv8\tools\compiler\ti-cgt-msp430_18.1.3.LTS\lib\</path>
         <kind>archive</kind>
         <file>rts430x_lc_sd_eabi.lib</file>
         <name>int59.asm.obj</name>
      </input_file>
      <input_file id="fl-79">
         <path>C:\ti\ccsv8\tools\compiler\ti-cgt-msp430_18.1.3.LTS\lib\</path>
         <kind>archive</kind>
         <file>rts430x_lc_sd_eabi.lib</file>
         <name>int60.asm.obj</name>
      </input_file>
      <input_file id="fl-7a">
         <path>C:\ti\ccsv8\tools\compiler\ti-cgt-msp430_18.1.3.LTS\lib\</path>
         <kind>archive</kind>
         <file>rts430x_lc_sd_eabi.lib</file>
         <name>int62.asm.obj</name>
      </input_file>
      <input_file id="fl-7b">
         <path>C:\ti\ccsv8\tools\compiler\ti-cgt-msp430_18.1.3.LTS\lib\</path>
         <kind>archive</kind>
         <file>rts430x_lc_sd_eabi.lib</file>
         <name>isr_trap.asm.obj</name>
      </input_file>
      <input_file id="fl-7c">
         <path>C:\ti\ccsv8\tools\compiler\ti-cgt-msp430_18.1.3.LTS\lib\</path>
         <kind>archive</kind>
         <file>rts430x_lc_sd_eabi.lib</file>
         <name>lsl16.asm.obj</name>
      </input_file>
      <input_file id="fl-7d">
         <path>C:\ti\ccsv8\tools\compiler\ti-cgt-msp430_18.1.3.LTS\lib\</path>
         <kind>archive</kind>
         <file>rts430x_lc_sd_eabi.lib</file>
         <name>lsl32.asm.obj</name>
      </input_file>
      <input_file id="fl-7e">
         <path>C:\ti\ccsv8\tools\compiler\ti-cgt-msp430_18.1.3.LTS\lib\</path>
         <kind>archive</kind>
         <file>rts430x_lc_sd_eabi.lib</file>
         <name>lsr32.asm.obj</name>
      </input_file>
      <input_file id="fl-7f">
         <path>C:\ti\ccsv8\tools\compiler\ti-cgt-msp430_18.1.3.LTS\lib\</path>
         <kind>archive</kind>
         <file>rts430x_lc_sd_eabi.lib</file>
         <name>mult16.asm.obj</name>
      </input_file>
      <input_file id="fl-80">
         <path>C:\ti\ccsv8\tools\compiler\ti-cgt-msp430_18.1.3.LTS\lib\</path>
         <kind>archive</kind>
         <file>rts430x_lc_sd_eabi.lib</file>
         <name>mult16_f5hw.asm.obj</name>
      </input_file>
      <input_file id="fl-81">
         <path>C:\ti\ccsv8\tools\compiler\ti-cgt-msp430_18.1.3.LTS\lib\</path>
         <kind>archive</kind>
         <file>rts430x_lc_sd_eabi.lib</file>
         <name>mult1632_f5hw.asm.obj</name>
      </input_file>
      <input_file id="fl-82">
         <path>C:\ti\ccsv8\tools\compiler\ti-cgt-msp430_18.1.3.LTS\lib\</path>
         <kind>archive</kind>
         <file>rts430x_lc_sd_eabi.lib</file>
         <name>mult32.asm.obj</name>
      </input_file>
      <input_file id="fl-83">
         <path>C:\ti\ccsv8\tools\compiler\ti-cgt-msp430_18.1.3.LTS\lib\</path>
         <kind>archive</kind>
         <file>rts430x_lc_sd_eabi.lib</file>
         <name>mult32_f5hw.asm.obj</name>
      </input_file>
      <input_file id="fl-84">
         <path>C:\ti\ccsv8\tools\compiler\ti-cgt-msp430_18.1.3.LTS\lib\</path>
         <kind>archive</kind>
         <file>rts430x_lc_sd_eabi.lib</file>
         <name>mult3264_f5hw.asm.obj</name>
      </input_file>
      <input_file id="fl-85">
         <path>C:\ti\ccsv8\tools\compiler\ti-cgt-msp430_18.1.3.LTS\lib\</path>
         <kind>archive</kind>
         <file>rts430x_lc_sd_eabi.lib</file>
         <name>mult64_f5hw.asm.obj</name>
      </input_file>
      <input_file id="fl-86">
         <path>C:\ti\ccsv8\tools\compiler\ti-cgt-msp430_18.1.3.LTS\lib\</path>
         <kind>archive</kind>
         <file>rts430x_lc_sd_eabi.lib</file>
         <name>boot.c.obj</name>
      </input_file>
      <input_file id="fl-87">
         <path>C:\ti\ccsv8\tools\compiler\ti-cgt-msp430_18.1.3.LTS\lib\</path>
         <kind>archive</kind>
         <file>rts430x_lc_sd_eabi.lib</file>
         <name>autoinit.c.obj</name>
      </input_file>
      <input_file id="fl-88">
         <path>C:\ti\ccsv8\tools\compiler\ti-cgt-msp430_18.1.3.LTS\lib\</path>
         <kind>archive</kind>
         <file>rts430x_lc_sd_eabi.lib</file>
         <name>copy_zero_init.c.obj</name>
      </input_file>
      <input_file id="fl-89">
         <path>C:\ti\ccsv8\tools\compiler\ti-cgt-msp430_18.1.3.LTS\lib\</path>
         <kind>archive</kind>
         <file>rts430x_lc_sd_eabi.lib</file>
         <name>cpy_tbl.c.obj</name>
      </input_file>
      <input_file id="fl-8a">
         <path>C:\ti\ccsv8\tools\compiler\ti-cgt-msp430_18.1.3.LTS\lib\</path>
         <kind>archive</kind>
         <file>rts430x_lc_sd_eabi.lib</file>
         <name>mpu_init.c.obj</name>
      </input_file>
      <input_file id="fl-8b">
         <path>C:\ti\ccsv8\tools\compiler\ti-cgt-msp430_18.1.3.LTS\lib\</path>
         <kind>archive</kind>
         <file>rts430x_lc_sd_eabi.lib</file>
         <name>lsr64.c.obj</name>
      </input_file>
      <input_file id="fl-8c">
         <path>C:\ti\ccsv8\tools\compiler\ti-cgt-msp430_18.1.3.LTS\lib\</path>
         <kind>archive</kind>
         <file>rts430x_lc_sd_eabi.lib</file>
         <name>pre_init.c.obj</name>
      </input_file>
      <input_file id="fl-8d">
         <path>C:\ti\ccsv8\tools\compiler\ti-cgt-msp430_18.1.3.LTS\lib\</path>
         <kind>archive</kind>
         <file>rts430x_lc_sd_eabi.lib</file>
         <name>startup.c.obj</name>
      </input_file>
      <input_file id="fl-8e">
         <path>C:\ti\ccsv8\tools\compiler\ti-cgt-msp430_18.1.3.LTS\lib\</path>
         <kind>archive</kind>
         <file>rts430x_lc_sd_eabi.lib</file>
         <name>copy_decompress_none.c.obj</name>
      </input_file>
      <input_file id="fl-8f">
         <path>C:\ti\ccsv8\tools\compiler\ti-cgt-msp430_18.1.3.LTS\lib\</path>
         <kind>archive</kind>
         <file>rts430x_lc_sd_eabi.lib</file>
         <name>copy_decompress_lzss.c.obj</name>
      </input_file>
      <input_file id="fl-90">
         <path>C:\ti\ccsv8\tools\compiler\ti-cgt-msp430_18.1.3.LTS\lib\</path>
         <kind>archive</kind>
         <file>rts430x_lc_sd_eabi.lib</file>
         <name>addd.c.obj</name>
      </input_file>
      <input_file id="fl-91">
         <path>C:\ti\ccsv8\tools\compiler\ti-cgt-msp430_18.1.3.LTS\lib\</path>
         <kind>archive</kind>
         <file>rts430x_lc_sd_eabi.lib</file>
         <name>cmpd.c.obj</name>
      </input_file>
      <input_file id="fl-92">
         <path>C:\ti\ccsv8\tools\compiler\ti-cgt-msp430_18.1.3.LTS\lib\</path>
         <kind>archive</kind>
         <file>rts430x_lc_sd_eabi.lib</file>
         <name>divd.c.obj</name>
      </input_file>
      <input_file id="fl-93">
         <path>C:\ti\ccsv8\tools\compiler\ti-cgt-msp430_18.1.3.LTS\lib\</path>
         <kind>archive</kind>
         <file>rts430x_lc_sd_eabi.lib</file>
         <name>fixdu.c.obj</name>
      </input_file>
      <input_file id="fl-94">
         <path>C:\ti\ccsv8\tools\compiler\ti-cgt-msp430_18.1.3.LTS\lib\</path>
         <kind>archive</kind>
         <file>rts430x_lc_sd_eabi.lib</file>
         <name>fixdul.c.obj</name>
      </input_file>
      <input_file id="fl-95">
         <path>C:\ti\ccsv8\tools\compiler\ti-cgt-msp430_18.1.3.LTS\lib\</path>
         <kind>archive</kind>
         <file>rts430x_lc_sd_eabi.lib</file>
         <name>fltud.c.obj</name>
      </input_file>
      <input_file id="fl-96">
         <path>C:\ti\ccsv8\tools\compiler\ti-cgt-msp430_18.1.3.LTS\lib\</path>
         <kind>archive</kind>
         <file>rts430x_lc_sd_eabi.lib</file>
         <name>fltuld.c.obj</name>
      </input_file>
      <input_file id="fl-97">
         <path>C:\ti\ccsv8\tools\compiler\ti-cgt-msp430_18.1.3.LTS\lib\</path>
         <kind>archive</kind>
         <file>rts430x_lc_sd_eabi.lib</file>
         <name>frcaddd.c.obj</name>
      </input_file>
      <input_file id="fl-98">
         <path>C:\ti\ccsv8\tools\compiler\ti-cgt-msp430_18.1.3.LTS\lib\</path>
         <kind>archive</kind>
         <file>rts430x_lc_sd_eabi.lib</file>
         <name>frcdivd.c.obj</name>
      </input_file>
      <input_file id="fl-99">
         <path>C:\ti\ccsv8\tools\compiler\ti-cgt-msp430_18.1.3.LTS\lib\</path>
         <kind>archive</kind>
         <file>rts430x_lc_sd_eabi.lib</file>
         <name>mpyd.c.obj</name>
      </input_file>
      <input_file id="fl-9a">
         <path>C:\ti\ccsv8\tools\compiler\ti-cgt-msp430_18.1.3.LTS\lib\</path>
         <kind>archive</kind>
         <file>rts430x_lc_sd_eabi.lib</file>
         <name>renormd.c.obj</name>
      </input_file>
      <input_file id="fl-9b">
         <path>C:\ti\ccsv8\tools\compiler\ti-cgt-msp430_18.1.3.LTS\lib\</path>
         <kind>archive</kind>
         <file>rts430x_lc_sd_eabi.lib</file>
         <name>subd.c.obj</name>
      </input_file>
      <input_file id="fl-9c">
         <path>C:\ti\ccsv8\tools\compiler\ti-cgt-msp430_18.1.3.LTS\lib\</path>
         <kind>archive</kind>
         <file>rts430x_lc_sd_eabi.lib</file>
         <name>exit.c.obj</name>
      </input_file>
      <input_file id="fl-9d">
         <path>C:\ti\ccsv8\tools\compiler\ti-cgt-msp430_18.1.3.LTS\lib\</path>
         <kind>archive</kind>
         <file>rts430x_lc_sd_eabi.lib</file>
         <name>_lock.c.obj</name>
      </input_file>
      <input_file id="fl-9e">
         <path>C:\ti\ccsv8\tools\compiler\ti-cgt-msp430_18.1.3.LTS\lib\</path>
         <kind>archive</kind>
         <file>rts430x_lc_sd_eabi.lib</file>
         <name>args_main.c.obj</name>
      </input_file>
      <input_file id="fl-9f">
         <path>C:\ti\ccsv8\tools\compiler\ti-cgt-msp430_18.1.3.LTS\lib\</path>
         <kind>archive</kind>
         <file>rts430x_lc_sd_eabi.lib</file>
         <name>memcpy.c.obj</name>
      </input_file>
      <input_file id="fl-a0">
         <path>C:\ti\ccsv8\tools\compiler\ti-cgt-msp430_18.1.3.LTS\lib\</path>
         <kind>archive</kind>
         <file>rts430x_lc_sd_eabi.lib</file>
         <name>memset.c.obj</name>
      </input_file>
      <input_file id="fl-a1">
         <path>C:\ti\ccsv8\tools\compiler\ti-cgt-msp430_18.1.3.LTS\lib\</path>
         <kind>archive</kind>
         <file>rts430x_lc_sd_eabi.lib</file>
         <name>strcat.c.obj</name>
      </input_file>
      <input_file id="fl-a2">
         <path>C:\ti\ccsv8\tools\compiler\ti-cgt-msp430_18.1.3.LTS\lib\</path>
         <kind>archive</kind>
         <file>rts430x_lc_sd_eabi.lib</file>
         <name>strlen.c.obj</name>
      </input_file>
      <input_file id="fl-a3">
         <path>C:\ti\ccsv8\tools\compiler\ti-cgt-msp430_18.1.3.LTS\lib\</path>
         <kind>archive</kind>
         <file>rts430x_lc_sd_eabi.lib</file>
         <name>strncpy.c.obj</name>
      </input_file>
      <input_file id="fl-a4">
         <path>C:\ti\ccsv8\tools\compiler\ti-cgt-msp430_18.1.3.LTS\lib\</path>
         <kind>archive</kind>
         <file>rts430x_lc_sd_eabi.lib</file>
         <name>asr32.asm.obj</name>
      </input_file>
      <input_file id="fl-a5">
         <path>C:\ti\ccsv8\tools\compiler\ti-cgt-msp430_18.1.3.LTS\lib\</path>
         <kind>archive</kind>
         <file>rts430x_lc_sd_eabi.lib</file>
         <name>cpy_util.asm.obj</name>
      </input_file>
      <input_file id="fl-a6">
         <path>C:\ti\ccsv8\tools\compiler\ti-cgt-msp430_18.1.3.LTS\lib\</path>
         <kind>archive</kind>
         <file>rts430x_lc_sd_eabi.lib</file>
         <name>exit_gvars.c.obj</name>
      </input_file>
      <input_file id="fl-a7">
         <path>C:\ti\ccsv8\tools\compiler\ti-cgt-msp430_18.1.3.LTS\lib\</path>
         <kind>archive</kind>
         <file>rts430x_lc_sd_eabi.lib</file>
         <name>frcmpyd.c.obj</name>
      </input_file>
   </input_file_list>
   <object_component_list>
      <object_component id="oc-8d6">
         <name>.bss</name>
         <uninitialized>true</uninitialized>
         <run_address>0x2646</run_address>
         <size>0x8</size>
         <input_file_ref idref="fl-4"/>
      </object_component>
      <object_component id="oc-750">
         <name>.bss:CdcControl</name>
         <uninitialized>true</uninitialized>
         <run_address>0x264e</run_address>
         <size>0x8</size>
         <input_file_ref idref="fl-3f"/>
      </object_component>
      <object_component id="oc-588">
         <name>.bss:CdcWriteCtrl</name>
         <uninitialized>true</uninitialized>
         <run_address>0x2632</run_address>
         <size>0xa</size>
         <input_file_ref idref="fl-3f"/>
      </object_component>
      <object_component id="oc-534">
         <name>.bss:CdcReadCtrl</name>
         <uninitialized>true</uninitialized>
         <run_address>0x2622</run_address>
         <size>0x10</size>
         <input_file_ref idref="fl-3f"/>
      </object_component>
      <object_component id="oc-564">
         <name>.bss</name>
         <uninitialized>true</uninitialized>
         <run_address>0x268e</run_address>
         <size>0x7</size>
         <input_file_ref idref="fl-41"/>
      </object_component>
      <object_component id="oc-6a0">
         <name>.common:AFE44xx_SPO2_Data_buf</name>
         <uninitialized>true</uninitialized>
         <run_address>0x260a</run_address>
         <size>0x18</size>
      </object_component>
      <object_component id="oc-6d4">
         <name>.common:MPU9150_ACCEL_Data_buf</name>
         <uninitialized>true</uninitialized>
         <run_address>0x2696</run_address>
         <size>0x6</size>
      </object_component>
      <object_component id="oc-6c1">
         <name>.common:acc</name>
         <uninitialized>true</uninitialized>
         <run_address>0x269c</run_address>
         <size>0x6</size>
      </object_component>
      <object_component id="oc-6a7">
         <name>.common:AFE44xxAddr</name>
         <uninitialized>true</uninitialized>
         <run_address>0x2695</run_address>
         <size>0x1</size>
      </object_component>
      <object_component id="oc-6a8">
         <name>.common:AFE44xxRegVal</name>
         <uninitialized>true</uninitialized>
         <run_address>0x26a2</run_address>
         <size>0x4</size>
      </object_component>
      <object_component id="oc-694">
         <name>.common:totalCount</name>
         <uninitialized>true</uninitialized>
         <run_address>0x26c6</run_address>
         <size>0x4</size>
      </object_component>
      <object_component id="oc-693">
         <name>.common:sampleCount</name>
         <uninitialized>true</uninitialized>
         <run_address>0x26c2</run_address>
         <size>0x4</size>
      </object_component>
      <object_component id="oc-67d">
         <name>.common:calibParams</name>
         <uninitialized>true</uninitialized>
         <run_address>0x2666</run_address>
         <size>0x8</size>
      </object_component>
      <object_component id="oc-419">
         <name>.common:fInvokeBSL</name>
         <uninitialized>true</uninitialized>
         <run_address>0x26dd</run_address>
         <size>0x1</size>
      </object_component>
      <object_component id="oc-8a8">
         <name>.common:LOW_THR_HYS_LOW</name>
         <uninitialized>true</uninitialized>
         <run_address>0x26b2</run_address>
         <size>0x4</size>
      </object_component>
      <object_component id="oc-8a9">
         <name>.common:LOW_THR_HYS_HIGH</name>
         <uninitialized>true</uninitialized>
         <run_address>0x26ae</run_address>
         <size>0x4</size>
      </object_component>
      <object_component id="oc-8aa">
         <name>.common:HIGH_THR_HYS_LOW</name>
         <uninitialized>true</uninitialized>
         <run_address>0x26aa</run_address>
         <size>0x4</size>
      </object_component>
      <object_component id="oc-8ab">
         <name>.common:HIGH_THR_HYS_HIGH</name>
         <uninitialized>true</uninitialized>
         <run_address>0x26a6</run_address>
         <size>0x4</size>
      </object_component>
      <object_component id="oc-8ac">
         <name>.common:TARGET_THR</name>
         <uninitialized>true</uninitialized>
         <run_address>0x26b6</run_address>
         <size>0x4</size>
      </object_component>
      <object_component id="oc-89f">
         <name>.common:ILED1_CURR_MAX_Code</name>
         <uninitialized>true</uninitialized>
         <run_address>0x26d8</run_address>
         <size>0x1</size>
      </object_component>
      <object_component id="oc-8a0">
         <name>.common:ILED1_CURR_MIN_Code</name>
         <uninitialized>true</uninitialized>
         <run_address>0x26d9</run_address>
         <size>0x1</size>
      </object_component>
      <object_component id="oc-8a1">
         <name>.common:ILED2_CURR_MAX_Code</name>
         <uninitialized>true</uninitialized>
         <run_address>0x26da</run_address>
         <size>0x1</size>
      </object_component>
      <object_component id="oc-8a2">
         <name>.common:ILED2_CURR_MIN_Code</name>
         <uninitialized>true</uninitialized>
         <run_address>0x26db</run_address>
         <size>0x1</size>
      </object_component>
      <object_component id="oc-896">
         <name>.common:maxLEDCurrent</name>
         <uninitialized>true</uninitialized>
         <run_address>0x26cc</run_address>
         <size>0x2</size>
      </object_component>
      <object_component id="oc-4a2">
         <name>.common:g_ui8UartBuffer</name>
         <uninitialized>true</uninitialized>
         <run_address>0x263c</run_address>
         <size>0xa</size>
      </object_component>
      <object_component id="oc-81c">
         <name>.common:g_SpansionMemSelected</name>
         <uninitialized>true</uninitialized>
         <run_address>0x26ca</run_address>
         <size>0x2</size>
      </object_component>
      <object_component id="oc-632">
         <name>.common:g_bErrorFlashErase</name>
         <uninitialized>true</uninitialized>
         <run_address>0x26de</run_address>
         <size>0x1</size>
      </object_component>
      <object_component id="oc-9d1">
         <name>.common:usci_uartbaudrate_baudrate</name>
         <uninitialized>true</uninitialized>
         <run_address>0x266e</run_address>
         <size>0x8</size>
      </object_component>
      <object_component id="oc-9d4">
         <name>.common:usci_uartbaudrate_brclk</name>
         <uninitialized>true</uninitialized>
         <run_address>0x2676</run_address>
         <size>0x8</size>
      </object_component>
      <object_component id="oc-9db">
         <name>.common:usci_uartbaudrate_lf_div_f</name>
         <uninitialized>true</uninitialized>
         <run_address>0x267e</run_address>
         <size>0x8</size>
      </object_component>
      <object_component id="oc-9ef">
         <name>.common:usci_uartbaudrate_osr_div_f</name>
         <uninitialized>true</uninitialized>
         <run_address>0x2686</run_address>
         <size>0x8</size>
      </object_component>
      <object_component id="oc-9e2">
         <name>.common:usci_uartbaudrate_lf_div_i</name>
         <uninitialized>true</uninitialized>
         <run_address>0x26ce</run_address>
         <size>0x2</size>
      </object_component>
      <object_component id="oc-9f0">
         <name>.common:usci_uartbaudrate_osr_div_i</name>
         <uninitialized>true</uninitialized>
         <run_address>0x26d0</run_address>
         <size>0x2</size>
      </object_component>
      <object_component id="oc-591">
         <name>.common:USB_TX_memcpy</name>
         <uninitialized>true</uninitialized>
         <run_address>0x26be</run_address>
         <size>0x4</size>
      </object_component>
      <object_component id="oc-73d">
         <name>.common:USB_RX_memcpy</name>
         <uninitialized>true</uninitialized>
         <run_address>0x26ba</run_address>
         <size>0x4</size>
      </object_component>
      <object_component id="oc-567">
         <name>.common:wBytesRemainingOnIEP0</name>
         <uninitialized>true</uninitialized>
         <run_address>0x26d2</run_address>
         <size>0x2</size>
      </object_component>
      <object_component id="oc-568">
         <name>.common:wBytesRemainingOnOEP0</name>
         <uninitialized>true</uninitialized>
         <run_address>0x26d4</run_address>
         <size>0x2</size>
      </object_component>
      <object_component id="oc-52c">
         <name>.common:abUsbRequestReturnData</name>
         <uninitialized>true</uninitialized>
         <run_address>0x265e</run_address>
         <size>0x8</size>
      </object_component>
      <object_component id="oc-770">
         <name>.common:abUsbRequestIncomingData</name>
         <uninitialized>true</uninitialized>
         <run_address>0x2656</run_address>
         <size>0x8</size>
      </object_component>
      <object_component id="oc-a2a">
         <name>.common:abramSerialStringDescriptor</name>
         <uninitialized>true</uninitialized>
         <run_address>0x25e8</run_address>
         <size>0x22</size>
      </object_component>
      <object_component id="oc-52b">
         <name>.common:bStatusAction</name>
         <uninitialized>true</uninitialized>
         <run_address>0x26dc</run_address>
         <size>0x1</size>
      </object_component>
      <object_component id="oc-430">
         <name>.common:wUsbEventMask</name>
         <uninitialized>true</uninitialized>
         <run_address>0x26d6</run_address>
         <size>0x2</size>
      </object_component>
      <object_component id="oc-415">
         <name>.data</name>
         <load_address>0x25be</load_address>
         <run_address>0x25be</run_address>
         <size>0xe</size>
         <input_file_ref idref="fl-2"/>
      </object_component>
      <object_component id="oc-668">
         <name>.data:wholeString</name>
         <load_address>0x2550</load_address>
         <run_address>0x2550</run_address>
         <size>0x40</size>
         <input_file_ref idref="fl-2"/>
      </object_component>
      <object_component id="oc-684">
         <name>.data:txString</name>
         <load_address>0x2510</load_address>
         <run_address>0x2510</run_address>
         <size>0x40</size>
         <input_file_ref idref="fl-2"/>
      </object_component>
      <object_component id="oc-88f">
         <name>.data:AFE44xx_Current_Register_Settings</name>
         <load_address>0x2400</load_address>
         <run_address>0x2400</run_address>
         <size>0x90</size>
         <input_file_ref idref="fl-3"/>
      </object_component>
      <object_component id="oc-893">
         <name>.data</name>
         <load_address>0x2590</load_address>
         <run_address>0x2590</run_address>
         <size>0x2e</size>
         <input_file_ref idref="fl-4"/>
      </object_component>
      <object_component id="oc-49f">
         <name>.data</name>
         <load_address>0x25cc</load_address>
         <run_address>0x25cc</run_address>
         <size>0xd</size>
         <input_file_ref idref="fl-6"/>
      </object_component>
      <object_component id="oc-ad7">
         <name>.data</name>
         <load_address>0x25da</load_address>
         <run_address>0x25da</run_address>
         <size>0x8</size>
         <input_file_ref idref="fl-35"/>
      </object_component>
      <object_component id="oc-b62">
         <name>.data:usci_uartbaudrate_UCSx_mod</name>
         <load_address>0x2490</load_address>
         <run_address>0x2490</run_address>
         <size>0x80</size>
         <input_file_ref idref="fl-3d"/>
      </object_component>
      <object_component id="oc-53b">
         <name>.data</name>
         <load_address>0x25e2</load_address>
         <run_address>0x25e2</run_address>
         <size>0x6</size>
         <input_file_ref idref="fl-41"/>
      </object_component>
      <object_component id="oc-38a">
         <name>.stack</name>
         <uninitialized>true</uninitialized>
         <run_address>0x4360</run_address>
         <size>0x2</size>
         <input_file_ref idref="fl-86"/>
      </object_component>
      <object_component id="oc-c13">
         <name>.stack</name>
         <uninitialized>true</uninitialized>
         <run_address>0x4360</run_address>
         <size>0x0</size>
      </object_component>
      <object_component id="oc-4de">
         <name>.text:main</name>
         <load_address>0x4956</load_address>
         <run_address>0x4956</run_address>
         <size>0x686</size>
         <input_file_ref idref="fl-2"/>
      </object_component>
      <object_component id="oc-6ce">
         <name>.text:calibrationLED2</name>
         <load_address>0x4fdc</load_address>
         <run_address>0x4fdc</run_address>
         <size>0x5d0</size>
         <input_file_ref idref="fl-4"/>
      </object_component>
      <object_component id="oc-6c8">
         <name>.text:calibrationLED1</name>
         <load_address>0x55ac</load_address>
         <run_address>0x55ac</run_address>
         <size>0x598</size>
         <input_file_ref idref="fl-4"/>
      </object_component>
      <object_component id="oc-7d8">
         <name>.text:USCI_UARTBAUDRATE_calculateBaudDividers</name>
         <load_address>0x5b44</load_address>
         <run_address>0x5b44</run_address>
         <size>0x4f8</size>
         <input_file_ref idref="fl-3d"/>
      </object_component>
      <object_component id="oc-af9">
         <name>.text:__TI_frcdivd</name>
         <load_address>0x603c</load_address>
         <run_address>0x603c</run_address>
         <size>0x466</size>
         <input_file_ref idref="fl-98"/>
      </object_component>
      <object_component id="oc-b0e">
         <name>.text:__mspabi_addd</name>
         <load_address>0x64a2</load_address>
         <run_address>0x64a2</run_address>
         <size>0x2de</size>
         <input_file_ref idref="fl-90"/>
      </object_component>
      <object_component id="oc-876">
         <name>.text:USBCDC_receiveData</name>
         <load_address>0x6780</load_address>
         <run_address>0x6780</run_address>
         <size>0x2ca</size>
         <input_file_ref idref="fl-3f"/>
      </object_component>
      <object_component id="oc-b1b">
         <name>.text:__TI_frcmpyd</name>
         <load_address>0x6a4a</load_address>
         <run_address>0x6a4a</run_address>
         <size>0x280</size>
         <input_file_ref idref="fl-a7"/>
      </object_component>
      <object_component id="oc-481">
         <name>.text:CdcToHostFromBuffer</name>
         <load_address>0x6cca</load_address>
         <run_address>0x6cca</run_address>
         <size>0x278</size>
         <input_file_ref idref="fl-3f"/>
      </object_component>
      <object_component id="oc-9e9">
         <name>.text:__mspabi_mpyd</name>
         <load_address>0x6f42</load_address>
         <run_address>0x6f42</run_address>
         <size>0x264</size>
         <input_file_ref idref="fl-99"/>
      </object_component>
      <object_component id="oc-b6c">
         <name>.text:__TI_frcaddd</name>
         <load_address>0x71a6</load_address>
         <run_address>0x71a6</run_address>
         <size>0x248</size>
         <input_file_ref idref="fl-97"/>
      </object_component>
      <object_component id="oc-9e3">
         <name>.text:USCI_UARTBAUDRATE_txError</name>
         <load_address>0x73ee</load_address>
         <run_address>0x73ee</run_address>
         <size>0x220</size>
         <input_file_ref idref="fl-3d"/>
      </object_component>
      <object_component id="oc-9d5">
         <name>.text:__mspabi_divd</name>
         <load_address>0x760e</load_address>
         <run_address>0x760e</run_address>
         <size>0x220</size>
         <input_file_ref idref="fl-92"/>
      </object_component>
      <object_component id="oc-67e">
         <name>.text:initCalibrationRoutine</name>
         <load_address>0x782e</load_address>
         <run_address>0x782e</run_address>
         <size>0x1fa</size>
         <input_file_ref idref="fl-4"/>
      </object_component>
      <object_component id="oc-677">
         <name>.text:AFE44xx_Default_Reg_Init</name>
         <load_address>0x7a28</load_address>
         <run_address>0x7a28</run_address>
         <size>0x1d8</size>
         <input_file_ref idref="fl-3"/>
      </object_component>
      <object_component id="oc-457">
         <name>.text:USB_reset</name>
         <load_address>0x7c00</load_address>
         <run_address>0x7c00</run_address>
         <size>0x19e</size>
         <input_file_ref idref="fl-41"/>
      </object_component>
      <object_component id="oc-439">
         <name>.text:CdcToBufferFromHost</name>
         <load_address>0x7d9e</load_address>
         <run_address>0x7d9e</run_address>
         <size>0x16c</size>
         <input_file_ref idref="fl-3f"/>
      </object_component>
      <object_component id="oc-671">
         <name>.text:retInString</name>
         <load_address>0x7f0a</load_address>
         <run_address>0x7f0a</run_address>
         <size>0x120</size>
         <input_file_ref idref="fl-2"/>
      </object_component>
      <object_component id="oc-ada">
         <name>.text:privateUCSSourceClockFromDCO</name>
         <load_address>0x802a</load_address>
         <run_address>0x802a</run_address>
         <size>0x108</size>
         <input_file_ref idref="fl-35"/>
      </object_component>
      <object_component id="oc-61a">
         <name>.text:spansionFlashInit</name>
         <load_address>0x8132</load_address>
         <run_address>0x8132</run_address>
         <size>0xf8</size>
         <input_file_ref idref="fl-2e"/>
      </object_component>
      <object_component id="oc-b08">
         <name>.text:USCI_UARTBAUDRATE_txTbit</name>
         <load_address>0x822a</load_address>
         <run_address>0x822a</run_address>
         <size>0xf2</size>
         <input_file_ref idref="fl-3d"/>
      </object_component>
      <object_component id="oc-6a">
         <name>.text:decompress:lzss:__TI_decompress_lzss</name>
         <load_address>0x831c</load_address>
         <run_address>0x831c</run_address>
         <size>0xee</size>
         <input_file_ref idref="fl-8f"/>
      </object_component>
      <object_component id="oc-99d">
         <name>.text:Init_FLL</name>
         <load_address>0x840a</load_address>
         <run_address>0x840a</run_address>
         <size>0xe8</size>
         <input_file_ref idref="fl-c"/>
      </object_component>
      <object_component id="oc-9bc">
         <name>.text:privateUCSComputeCLKFrequency</name>
         <load_address>0x84f2</load_address>
         <run_address>0x84f2</run_address>
         <size>0xde</size>
         <input_file_ref idref="fl-35"/>
      </object_component>
      <object_component id="oc-845">
         <name>.text:USB_InitSerialStringDescriptor</name>
         <load_address>0x85d0</load_address>
         <run_address>0x85d0</run_address>
         <size>0xdc</size>
         <input_file_ref idref="fl-41"/>
      </object_component>
      <object_component id="oc-9cb">
         <name>.text:__mspabi_cmpd</name>
         <load_address>0x86ac</load_address>
         <run_address>0x86ac</run_address>
         <size>0xd8</size>
         <input_file_ref idref="fl-91"/>
      </object_component>
      <object_component id="oc-794">
         <name>.text:SetVCoreUp</name>
         <load_address>0x8784</load_address>
         <run_address>0x8784</run_address>
         <size>0xd4</size>
         <input_file_ref idref="fl-a"/>
      </object_component>
      <object_component id="oc-614">
         <name>.text:initSpi</name>
         <load_address>0x8858</load_address>
         <run_address>0x8858</run_address>
         <size>0xc4</size>
         <input_file_ref idref="fl-5"/>
      </object_component>
      <object_component id="oc-60e">
         <name>.text:initUart</name>
         <load_address>0x891c</load_address>
         <run_address>0x891c</run_address>
         <size>0xbe</size>
         <input_file_ref idref="fl-6"/>
      </object_component>
      <object_component id="oc-8b0">
         <name>.text:USBCDC_intfStatus</name>
         <load_address>0x89da</load_address>
         <run_address>0x89da</run_address>
         <size>0xb2</size>
         <input_file_ref idref="fl-3f"/>
      </object_component>
      <object_component id="oc-b8e">
         <name>.text:__TI_renormd</name>
         <load_address>0x8a8c</load_address>
         <run_address>0x8a8c</run_address>
         <size>0xb2</size>
         <input_file_ref idref="fl-9a"/>
      </object_component>
      <object_component id="oc-656">
         <name>.text:initMPU9150</name>
         <load_address>0x8b3e</load_address>
         <run_address>0x8b3e</run_address>
         <size>0xae</size>
         <input_file_ref idref="fl-d"/>
      </object_component>
      <object_component id="oc-54c">
         <name>.text:CopyUsbToBuff</name>
         <load_address>0x8bec</load_address>
         <run_address>0x8bec</run_address>
         <size>0x9c</size>
         <input_file_ref idref="fl-3f"/>
      </object_component>
      <object_component id="oc-79a">
         <name>.text:SetVCoreDown</name>
         <load_address>0x8c88</load_address>
         <run_address>0x8c88</run_address>
         <size>0x9a</size>
         <input_file_ref idref="fl-a"/>
      </object_component>
      <object_component id="oc-8b6">
         <name>.text:USBCDC_sendData</name>
         <load_address>0x8d22</load_address>
         <run_address>0x8d22</run_address>
         <size>0x98</size>
         <input_file_ref idref="fl-3f"/>
      </object_component>
      <object_component id="oc-42a">
         <name>.text:USBCDC_bytesInUSBBuffer</name>
         <load_address>0x8dba</load_address>
         <run_address>0x8dba</run_address>
         <size>0x96</size>
         <input_file_ref idref="fl-3f"/>
      </object_component>
      <object_component id="oc-6d5">
         <name>.text:USB_connectionState</name>
         <load_address>0x8e50</load_address>
         <run_address>0x8e50</run_address>
         <size>0x96</size>
         <input_file_ref idref="fl-41"/>
      </object_component>
      <object_component id="oc-52d">
         <name>.text:usbDecodeAndProcessUsbRequest</name>
         <load_address>0x8ee6</load_address>
         <run_address>0x8ee6</run_address>
         <size>0x92</size>
         <input_file_ref idref="fl-41"/>
      </object_component>
      <object_component id="oc-77a">
         <name>.text:HAL_I2C_read</name>
         <load_address>0x8f78</load_address>
         <run_address>0x8f78</run_address>
         <size>0x8a</size>
         <input_file_ref idref="fl-8"/>
      </object_component>
      <object_component id="oc-55a">
         <name>.text:USB_enable</name>
         <load_address>0x9002</load_address>
         <run_address>0x9002</run_address>
         <size>0x8a</size>
         <input_file_ref idref="fl-41"/>
      </object_component>
      <object_component id="oc-7c6">
         <name>.text:USCI_UART_init</name>
         <load_address>0x908c</load_address>
         <run_address>0x908c</run_address>
         <size>0x8a</size>
         <input_file_ref idref="fl-3c"/>
      </object_component>
      <object_component id="oc-955">
         <name>.text:usbGetEndpointStatus</name>
         <load_address>0x9116</load_address>
         <run_address>0x9116</run_address>
         <size>0x8a</size>
         <input_file_ref idref="fl-41"/>
      </object_component>
      <object_component id="oc-90d">
         <name>.text:usbGetLineCoding</name>
         <load_address>0x91a0</load_address>
         <run_address>0x91a0</run_address>
         <size>0x88</size>
         <input_file_ref idref="fl-3f"/>
      </object_component>
      <object_component id="oc-650">
         <name>.text:HAL_I2C_init</name>
         <load_address>0x9228</load_address>
         <run_address>0x9228</run_address>
         <size>0x84</size>
         <input_file_ref idref="fl-8"/>
      </object_component>
      <object_component id="oc-7d2">
         <name>.text:__mspabi_fltuld</name>
         <load_address>0x92ac</load_address>
         <run_address>0x92ac</run_address>
         <size>0x80</size>
         <input_file_ref idref="fl-96"/>
      </object_component>
      <object_component id="oc-5c5">
         <name>.text:sendBattery</name>
         <load_address>0x932c</load_address>
         <run_address>0x932c</run_address>
         <size>0x7c</size>
         <input_file_ref idref="fl-6"/>
      </object_component>
      <object_component id="oc-620">
         <name>.text:spansionFlashBulkErase</name>
         <load_address>0x93a8</load_address>
         <run_address>0x93a8</run_address>
         <size>0x7a</size>
         <input_file_ref idref="fl-2e"/>
      </object_component>
      <object_component id="oc-6af">
         <name>.text:AFE44xx_Reg_Read</name>
         <load_address>0x9422</load_address>
         <run_address>0x9422</run_address>
         <size>0x72</size>
         <input_file_ref idref="fl-3"/>
      </object_component>
      <object_component id="oc-602">
         <name>.text:AFE44xx_PowerOn_Init</name>
         <load_address>0x9494</load_address>
         <run_address>0x9494</run_address>
         <size>0x6e</size>
         <input_file_ref idref="fl-3"/>
      </object_component>
      <object_component id="oc-5a2">
         <name>.text:usbSendNextPacketOnIEP0</name>
         <load_address>0x9502</load_address>
         <run_address>0x9502</run_address>
         <size>0x6c</size>
         <input_file_ref idref="fl-41"/>
      </object_component>
      <object_component id="oc-80c">
         <name>.text:USCI_SPI_masterInit</name>
         <load_address>0x956e</load_address>
         <run_address>0x956e</run_address>
         <size>0x6a</size>
         <input_file_ref idref="fl-3b"/>
      </object_component>
      <object_component id="oc-700">
         <name>.text:__TI_auto_init_nobinit_nopinit_hold_wdt:__TI_auto_init_nobinit_nopinit_hold_wdt</name>
         <load_address>0x95d8</load_address>
         <run_address>0x95d8</run_address>
         <size>0x6a</size>
         <input_file_ref idref="fl-87"/>
      </object_component>
      <object_component id="oc-687">
         <name>.text:cdcSendDataInBackground</name>
         <load_address>0x9642</load_address>
         <run_address>0x9642</run_address>
         <size>0x6a</size>
         <input_file_ref idref="fl-48"/>
      </object_component>
      <object_component id="oc-994">
         <name>.text:sendAtCommand</name>
         <load_address>0x96ac</load_address>
         <run_address>0x96ac</run_address>
         <size>0x6a</size>
         <input_file_ref idref="fl-6"/>
      </object_component>
      <object_component id="oc-b01">
         <name>.text:__mspabi_fixdul</name>
         <load_address>0x9716</load_address>
         <run_address>0x9716</run_address>
         <size>0x68</size>
         <input_file_ref idref="fl-94"/>
      </object_component>
      <object_component id="oc-63b">
         <name>.text:USB_init</name>
         <load_address>0x977e</load_address>
         <run_address>0x977e</run_address>
         <size>0x66</size>
         <input_file_ref idref="fl-41"/>
      </object_component>
      <object_component id="oc-4ab">
         <name>.text:processEndByte</name>
         <load_address>0x97e4</load_address>
         <run_address>0x97e4</run_address>
         <size>0x62</size>
         <input_file_ref idref="fl-6"/>
      </object_component>
      <object_component id="oc-830">
         <name>.text:spansionFlashReadSR1</name>
         <load_address>0x9846</load_address>
         <run_address>0x9846</run_address>
         <size>0x60</size>
         <input_file_ref idref="fl-2e"/>
      </object_component>
      <object_component id="oc-4a5">
         <name>.text:checkDisconnect</name>
         <load_address>0x98a6</load_address>
         <run_address>0x98a6</run_address>
         <size>0x5a</size>
         <input_file_ref idref="fl-6"/>
      </object_component>
      <object_component id="oc-5d1">
         <name>.text:sendDataOff</name>
         <load_address>0x9900</load_address>
         <run_address>0x9900</run_address>
         <size>0x5a</size>
         <input_file_ref idref="fl-6"/>
      </object_component>
      <object_component id="oc-86c">
         <name>.text:HAL_I2C_write</name>
         <load_address>0x995a</load_address>
         <run_address>0x995a</run_address>
         <size>0x58</size>
         <input_file_ref idref="fl-8"/>
      </object_component>
      <object_component id="oc-8a3">
         <name>.text</name>
         <load_address>0x99b2</load_address>
         <run_address>0x99b2</run_address>
         <size>0x58</size>
         <input_file_ref idref="fl-6a"/>
      </object_component>
      <object_component id="oc-5cb">
         <name>.text:sendEcho</name>
         <load_address>0x9a0a</load_address>
         <run_address>0x9a0a</run_address>
         <size>0x56</size>
         <input_file_ref idref="fl-6"/>
      </object_component>
      <object_component id="oc-5dd">
         <name>.text:sendStreamOff</name>
         <load_address>0x9a60</load_address>
         <run_address>0x9a60</run_address>
         <size>0x56</size>
         <input_file_ref idref="fl-6"/>
      </object_component>
      <object_component id="oc-5e9">
         <name>.text:sendStreamOn</name>
         <load_address>0x9ab6</load_address>
         <run_address>0x9ab6</run_address>
         <size>0x56</size>
         <input_file_ref idref="fl-6"/>
      </object_component>
      <object_component id="oc-59b">
         <name>.text:Handler_SetLineCoding</name>
         <load_address>0x9b0c</load_address>
         <run_address>0x9b0c</run_address>
         <size>0x52</size>
         <input_file_ref idref="fl-3f"/>
      </object_component>
      <object_component id="oc-a06">
         <name>.text:USCI_SPI_initMaster</name>
         <load_address>0x9b5e</load_address>
         <run_address>0x9b5e</run_address>
         <size>0x52</size>
         <input_file_ref idref="fl-3b"/>
      </object_component>
      <object_component id="oc-595">
         <name>.text:usbReceiveNextPacketOnOEP0</name>
         <load_address>0x9bb0</load_address>
         <run_address>0x9bb0</run_address>
         <size>0x50</size>
         <input_file_ref idref="fl-41"/>
      </object_component>
      <object_component id="oc-a2b">
         <name>.text:Get_TLV_Info</name>
         <load_address>0x9c00</load_address>
         <run_address>0x9c00</run_address>
         <size>0x4a</size>
         <input_file_ref idref="fl-b"/>
      </object_component>
      <object_component id="oc-463">
         <name>.text:PWRVBUSoffHandler</name>
         <load_address>0x9c4a</load_address>
         <run_address>0x9c4a</run_address>
         <size>0x48</size>
         <input_file_ref idref="fl-4a"/>
      </object_component>
      <object_component id="oc-41e">
         <name>.text:SetupPacketInterruptHandler</name>
         <load_address>0x9c92</load_address>
         <run_address>0x9c92</run_address>
         <size>0x48</size>
         <input_file_ref idref="fl-4a"/>
      </object_component>
      <object_component id="oc-967">
         <name>.text:usbSetEndpointFeature</name>
         <load_address>0x9cda</load_address>
         <run_address>0x9cda</run_address>
         <size>0x48</size>
         <input_file_ref idref="fl-41"/>
      </object_component>
      <object_component id="oc-6b5">
         <name>.text:AFE44xx_Reg_Write</name>
         <load_address>0x9d22</load_address>
         <run_address>0x9d22</run_address>
         <size>0x46</size>
         <input_file_ref idref="fl-3"/>
      </object_component>
      <object_component id="oc-93d">
         <name>.text:usbGetStringDescriptor</name>
         <load_address>0x9d68</load_address>
         <run_address>0x9d68</run_address>
         <size>0x46</size>
         <input_file_ref idref="fl-41"/>
      </object_component>
      <object_component id="oc-6bb">
         <name>.text:Disable_AFE44xx_SPI_Read</name>
         <load_address>0x9dae</load_address>
         <run_address>0x9dae</run_address>
         <size>0x42</size>
         <input_file_ref idref="fl-3"/>
      </object_component>
      <object_component id="oc-6a9">
         <name>.text:Enable_AFE44xx_SPI_Read</name>
         <load_address>0x9df0</load_address>
         <run_address>0x9df0</run_address>
         <size>0x42</size>
         <input_file_ref idref="fl-3"/>
      </object_component>
      <object_component id="oc-4bd">
         <name>.text:processMsgLength</name>
         <load_address>0x9e32</load_address>
         <run_address>0x9e32</run_address>
         <size>0x42</size>
         <input_file_ref idref="fl-6"/>
      </object_component>
      <object_component id="oc-81e">
         <name>.text:spansionFlashWriteEnable</name>
         <load_address>0x9e74</load_address>
         <run_address>0x9e74</run_address>
         <size>0x42</size>
         <input_file_ref idref="fl-2e"/>
      </object_component>
      <object_component id="oc-5f6">
         <name>.text:SetVCore</name>
         <load_address>0x9eb6</load_address>
         <run_address>0x9eb6</run_address>
         <size>0x40</size>
         <input_file_ref idref="fl-a"/>
      </object_component>
      <object_component id="oc-399">
         <name>.text:__memcpy_far</name>
         <load_address>0x9ef6</load_address>
         <run_address>0x9ef6</run_address>
         <size>0x40</size>
         <input_file_ref idref="fl-a5"/>
      </object_component>
      <object_component id="oc-ae0">
         <name>.text</name>
         <load_address>0x9f36</load_address>
         <run_address>0x9f36</run_address>
         <size>0x40</size>
         <input_file_ref idref="fl-69"/>
      </object_component>
      <object_component id="oc-925">
         <name>.text:usbClearEndpointFeature</name>
         <load_address>0x9f76</load_address>
         <run_address>0x9f76</run_address>
         <size>0x40</size>
         <input_file_ref idref="fl-41"/>
      </object_component>
      <object_component id="oc-569">
         <name>.text:CdcResetData</name>
         <load_address>0x9fb6</load_address>
         <run_address>0x9fb6</run_address>
         <size>0x3e</size>
         <input_file_ref idref="fl-3f"/>
      </object_component>
      <object_component id="oc-662">
         <name>.text:cdcReceiveDataInBuffer</name>
         <load_address>0x9ff4</load_address>
         <run_address>0x9ff4</run_address>
         <size>0x3e</size>
         <input_file_ref idref="fl-48"/>
      </object_component>
      <object_component id="oc-3ce">
         <name>.text:decompress:ZI:__TI_zero_init_nomemset:__TI_zero_init_nomemset</name>
         <load_address>0xa032</load_address>
         <run_address>0xa032</run_address>
         <size>0x3e</size>
         <input_file_ref idref="fl-88"/>
      </object_component>
      <object_component id="oc-b53">
         <name>.text:l_asr_const</name>
         <load_address>0xa070</load_address>
         <run_address>0xa070</run_address>
         <size>0x3e</size>
         <input_file_ref idref="fl-a4"/>
      </object_component>
      <object_component id="oc-695">
         <name>.text:l_lsl_const</name>
         <load_address>0xa0ae</load_address>
         <run_address>0xa0ae</run_address>
         <size>0x3e</size>
         <input_file_ref idref="fl-7d"/>
      </object_component>
      <object_component id="oc-8cc">
         <name>.text:l_lsr_const</name>
         <load_address>0xa0ec</load_address>
         <run_address>0xa0ec</run_address>
         <size>0x3e</size>
         <input_file_ref idref="fl-7e"/>
      </object_component>
      <object_component id="oc-70">
         <name>.text:decompress:none:__TI_decompress_none</name>
         <load_address>0xa12a</load_address>
         <run_address>0xa12a</run_address>
         <size>0x3c</size>
         <input_file_ref idref="fl-8e"/>
      </object_component>
      <object_component id="oc-5fc">
         <name>.text:Init_Clock</name>
         <load_address>0xa166</load_address>
         <run_address>0xa166</run_address>
         <size>0x3a</size>
         <input_file_ref idref="fl-2"/>
      </object_component>
      <object_component id="oc-6a1">
         <name>.text:ascii2uint8</name>
         <load_address>0xa1a0</load_address>
         <run_address>0xa1a0</run_address>
         <size>0x3a</size>
         <input_file_ref idref="fl-2"/>
      </object_component>
      <object_component id="oc-487">
         <name>.text:OEP0InterruptHandler</name>
         <load_address>0xa1da</load_address>
         <run_address>0xa1da</run_address>
         <size>0x38</size>
         <input_file_ref idref="fl-4a"/>
      </object_component>
      <object_component id="oc-84b">
         <name>.text:USB_initMemcpy</name>
         <load_address>0xa212</load_address>
         <run_address>0xa212</run_address>
         <size>0x38</size>
         <input_file_ref idref="fl-40"/>
      </object_component>
      <object_component id="oc-7a1">
         <name>.text:Init_FLL_Settle</name>
         <load_address>0xa24a</load_address>
         <run_address>0xa24a</run_address>
         <size>0x36</size>
         <input_file_ref idref="fl-c"/>
      </object_component>
      <object_component id="oc-46f">
         <name>.text:PWRVBUSonHandler</name>
         <load_address>0xa280</load_address>
         <run_address>0xa280</run_address>
         <size>0x36</size>
         <input_file_ref idref="fl-4a"/>
      </object_component>
      <object_component id="oc-9ab">
         <name>.text:Set_UCB1_SPI</name>
         <load_address>0xa2b6</load_address>
         <run_address>0xa2b6</run_address>
         <size>0x36</size>
         <input_file_ref idref="fl-3"/>
      </object_component>
      <object_component id="oc-85a">
         <name>.text:USCI_I2C_initMaster</name>
         <load_address>0xa2ec</load_address>
         <run_address>0xa2ec</run_address>
         <size>0x34</size>
         <input_file_ref idref="fl-3a"/>
      </object_component>
      <object_component id="oc-789">
         <name>.text:sendDisconnect</name>
         <load_address>0xa320</load_address>
         <run_address>0xa320</run_address>
         <size>0x34</size>
         <input_file_ref idref="fl-6"/>
      </object_component>
      <object_component id="oc-44b">
         <name>.text:USB_suspend</name>
         <load_address>0xa354</load_address>
         <run_address>0xa354</run_address>
         <size>0x32</size>
         <input_file_ref idref="fl-41"/>
      </object_component>
      <object_component id="oc-647">
         <name>.text:USB_connectionInfo</name>
         <load_address>0xa386</load_address>
         <run_address>0xa386</run_address>
         <size>0x30</size>
         <input_file_ref idref="fl-41"/>
      </object_component>
      <object_component id="oc-747">
         <name>.text:XT2_Start</name>
         <load_address>0xa3b6</load_address>
         <run_address>0xa3b6</run_address>
         <size>0x30</size>
         <input_file_ref idref="fl-c"/>
      </object_component>
      <object_component id="oc-a38">
         <name>.text:memcpyDMA0</name>
         <load_address>0xa3e6</load_address>
         <run_address>0xa3e6</run_address>
         <size>0x30</size>
         <input_file_ref idref="fl-40"/>
      </object_component>
      <object_component id="oc-b14">
         <name>.text:__mspabi_subd</name>
         <load_address>0xa416</load_address>
         <run_address>0xa416</run_address>
         <size>0x2e</size>
         <input_file_ref idref="fl-9b"/>
      </object_component>
      <object_component id="oc-4b1">
         <name>.text:processOpCode</name>
         <load_address>0xa444</load_address>
         <run_address>0xa444</run_address>
         <size>0x2e</size>
         <input_file_ref idref="fl-6"/>
      </object_component>
      <object_component id="oc-ae5">
         <name>.text</name>
         <load_address>0xa472</load_address>
         <run_address>0xa472</run_address>
         <size>0x2c</size>
         <input_file_ref idref="fl-67"/>
      </object_component>
      <object_component id="oc-888">
         <name>.text:strncpy</name>
         <load_address>0xa49e</load_address>
         <run_address>0xa49e</run_address>
         <size>0x2c</size>
         <input_file_ref idref="fl-a3"/>
      </object_component>
      <object_component id="oc-949">
         <name>.text:usbGetDeviceStatus</name>
         <load_address>0xa4ca</load_address>
         <run_address>0xa4ca</run_address>
         <size>0x2a</size>
         <input_file_ref idref="fl-41"/>
      </object_component>
      <object_component id="oc-5bf">
         <name>.text:getSOC</name>
         <load_address>0xa4f4</load_address>
         <run_address>0xa4f4</run_address>
         <size>0x28</size>
         <input_file_ref idref="fl-1e"/>
      </object_component>
      <object_component id="oc-7ae">
         <name>.text:Init_AFE44xx_DRDY_Interrupt</name>
         <load_address>0xa51c</load_address>
         <run_address>0xa51c</run_address>
         <size>0x26</size>
         <input_file_ref idref="fl-3"/>
      </object_component>
      <object_component id="oc-8d1">
         <name>.text</name>
         <load_address>0xa542</load_address>
         <run_address>0xa542</run_address>
         <size>0x24</size>
         <input_file_ref idref="fl-83"/>
      </object_component>
      <object_component id="oc-800">
         <name>.text:GPIO_setAsInputPinWithPullUpResistor</name>
         <load_address>0xa566</load_address>
         <run_address>0xa566</run_address>
         <size>0x22</size>
         <input_file_ref idref="fl-1f"/>
      </object_component>
      <object_component id="oc-4ca">
         <name>.text:USB_disable</name>
         <load_address>0xa588</load_address>
         <run_address>0xa588</run_address>
         <size>0x22</size>
         <input_file_ref idref="fl-41"/>
      </object_component>
      <object_component id="oc-899">
         <name>.text:ledCurrent2ledCode</name>
         <load_address>0xa5aa</load_address>
         <run_address>0xa5aa</run_address>
         <size>0x22</size>
         <input_file_ref idref="fl-4"/>
      </object_component>
      <object_component id="oc-a32">
         <name>.text:memcpyV</name>
         <load_address>0xa5cc</load_address>
         <run_address>0xa5cc</run_address>
         <size>0x22</size>
         <input_file_ref idref="fl-40"/>
      </object_component>
      <object_component id="oc-a9e">
         <name>.text:usbSendDataPacketOnEP0</name>
         <load_address>0xa5ee</load_address>
         <run_address>0xa5ee</run_address>
         <size>0x22</size>
         <input_file_ref idref="fl-41"/>
      </object_component>
      <object_component id="oc-723">
         <name>.text:usbSetAddress</name>
         <load_address>0xa610</load_address>
         <run_address>0xa610</run_address>
         <size>0x20</size>
         <input_file_ref idref="fl-41"/>
      </object_component>
      <object_component id="oc-95b">
         <name>.text:usbSetConfiguration</name>
         <load_address>0xa630</load_address>
         <run_address>0xa630</run_address>
         <size>0x20</size>
         <input_file_ref idref="fl-41"/>
      </object_component>
      <object_component id="oc-7cc">
         <name>.text:UCS_getACLK</name>
         <load_address>0xa650</load_address>
         <run_address>0xa650</run_address>
         <size>0x1e</size>
         <input_file_ref idref="fl-35"/>
      </object_component>
      <object_component id="oc-6c2">
         <name>.text:readAccelerometerData</name>
         <load_address>0xa66e</load_address>
         <run_address>0xa66e</run_address>
         <size>0x1e</size>
         <input_file_ref idref="fl-5"/>
      </object_component>
      <object_component id="oc-943">
         <name>.text:usbGetInterface</name>
         <load_address>0xa68c</load_address>
         <run_address>0xa68c</run_address>
         <size>0x1e</size>
         <input_file_ref idref="fl-41"/>
      </object_component>
      <object_component id="oc-94f">
         <name>.text:usbGetInterfaceStatus</name>
         <load_address>0xa6aa</load_address>
         <run_address>0xa6aa</run_address>
         <size>0x1e</size>
         <input_file_ref idref="fl-41"/>
      </object_component>
      <object_component id="oc-48d">
         <name>.text:IEP0InterruptHandler</name>
         <load_address>0xa6c8</load_address>
         <run_address>0xa6c8</run_address>
         <size>0x1c</size>
         <input_file_ref idref="fl-4a"/>
      </object_component>
      <object_component id="oc-9a5">
         <name>.text:Set_GPIO</name>
         <load_address>0xa6e4</load_address>
         <run_address>0xa6e4</run_address>
         <size>0x1c</size>
         <input_file_ref idref="fl-3"/>
      </object_component>
      <object_component id="oc-5b8">
         <name>.text:setDataOff</name>
         <load_address>0xa700</load_address>
         <run_address>0xa700</run_address>
         <size>0x1c</size>
         <input_file_ref idref="fl-6"/>
      </object_component>
      <object_component id="oc-7f7">
         <name>.text:GPIO_setAsOutputPin</name>
         <load_address>0xa71c</load_address>
         <run_address>0xa71c</run_address>
         <size>0x1a</size>
         <input_file_ref idref="fl-1f"/>
      </object_component>
      <object_component id="oc-7c0">
         <name>.text:GPIO_setAsPeripheralModuleFunctionInputPin</name>
         <load_address>0xa736</load_address>
         <run_address>0xa736</run_address>
         <size>0x1a</size>
         <input_file_ref idref="fl-1f"/>
      </object_component>
      <object_component id="oc-7ee">
         <name>.text:GPIO_setAsPeripheralModuleFunctionOutputPin</name>
         <load_address>0xa750</load_address>
         <run_address>0xa750</run_address>
         <size>0x1a</size>
         <input_file_ref idref="fl-1f"/>
      </object_component>
      <object_component id="oc-806">
         <name>.text:UCS_getSMCLK</name>
         <load_address>0xa76a</load_address>
         <run_address>0xa76a</run_address>
         <size>0x1a</size>
         <input_file_ref idref="fl-35"/>
      </object_component>
      <object_component id="oc-57b">
         <name>.text:USB_connect</name>
         <load_address>0xa784</load_address>
         <run_address>0xa784</run_address>
         <size>0x1a</size>
         <input_file_ref idref="fl-41"/>
      </object_component>
      <object_component id="oc-66b">
         <name>.text:strcat</name>
         <load_address>0xa79e</load_address>
         <run_address>0xa79e</run_address>
         <size>0x1a</size>
         <input_file_ref idref="fl-a1"/>
      </object_component>
      <object_component id="oc-82a">
         <name>.text:waitForSpiToComplete</name>
         <load_address>0xa7b8</load_address>
         <run_address>0xa7b8</run_address>
         <size>0x1a</size>
         <input_file_ref idref="fl-2e"/>
      </object_component>
      <object_component id="oc-43f">
         <name>.text:USB_resume</name>
         <load_address>0xa7d2</load_address>
         <run_address>0xa7d2</run_address>
         <size>0x18</size>
         <input_file_ref idref="fl-41"/>
      </object_component>
      <object_component id="oc-4b7">
         <name>.text:processDeviceCode</name>
         <load_address>0xa7ea</load_address>
         <run_address>0xa7ea</run_address>
         <size>0x18</size>
         <input_file_ref idref="fl-6"/>
      </object_component>
      <object_component id="oc-583">
         <name>.text</name>
         <load_address>0xa802</load_address>
         <run_address>0xa802</run_address>
         <size>0x18</size>
         <input_file_ref idref="fl-80"/>
      </object_component>
      <object_component id="oc-91f">
         <name>.text:usbClearDeviceFeature</name>
         <load_address>0xa81a</load_address>
         <run_address>0xa81a</run_address>
         <size>0x18</size>
         <input_file_ref idref="fl-41"/>
      </object_component>
      <object_component id="oc-961">
         <name>.text:usbSetDeviceFeature</name>
         <load_address>0xa832</load_address>
         <run_address>0xa832</run_address>
         <size>0x18</size>
         <input_file_ref idref="fl-41"/>
      </object_component>
      <object_component id="oc-635">
         <name>.text:GPIO_setOutputHighOnPin</name>
         <load_address>0xa84a</load_address>
         <run_address>0xa84a</run_address>
         <size>0x16</size>
         <input_file_ref idref="fl-1f"/>
      </object_component>
      <object_component id="oc-626">
         <name>.text:GPIO_setOutputLowOnPin</name>
         <load_address>0xa860</load_address>
         <run_address>0xa860</run_address>
         <size>0x16</size>
         <input_file_ref idref="fl-1f"/>
      </object_component>
      <object_component id="oc-62c">
         <name>.text:GPIO_toggleOutputOnPin</name>
         <load_address>0xa876</load_address>
         <run_address>0xa876</run_address>
         <size>0x16</size>
         <input_file_ref idref="fl-1f"/>
      </object_component>
      <object_component id="oc-7e4">
         <name>.text:USCI_UART_enableInterrupt</name>
         <load_address>0xa88c</load_address>
         <run_address>0xa88c</run_address>
         <size>0x16</size>
         <input_file_ref idref="fl-3c"/>
[...]
         <name>USB_handleResetEvent</name>
         <value>0xab16</value>
         <object_component_ref idref="oc-45d"/>
      </symbol>
      <symbol id="sm-c64">
         <name>USB_handleEnumCompleteEvent</name>
         <value>0xab12</value>
         <object_component_ref idref="oc-729"/>
      </symbol>
      <symbol id="sm-c65">
         <name>USBCDC_handleSendCompleted</name>
         <value>0xab02</value>
         <object_component_ref idref="oc-58b"/>
      </symbol>
      <symbol id="sm-c66">
         <name>USB_handleVbusOffEvent</name>
         <value>0xaaaa</value>
         <object_component_ref idref="oc-469"/>
      </symbol>
      <symbol id="sm-c67">
         <name>USBCDC_handleSetLineCoding</name>
         <value>0xab0a</value>
         <object_component_ref idref="oc-771"/>
      </symbol>
      <symbol id="sm-c68">
         <name>USB_handleResumeEvent</name>
         <value>0xab1a</value>
         <object_component_ref idref="oc-445"/>
      </symbol>
      <symbol id="sm-c69">
         <name>USB_handleClockEvent</name>
         <value>0xab0e</value>
         <object_component_ref idref="oc-47b"/>
      </symbol>
      <symbol id="sm-cb9">
         <name>IEP0InterruptHandler</name>
         <value>0xa6c8</value>
         <object_component_ref idref="oc-48d"/>
      </symbol>
      <symbol id="sm-cba">
         <name>OEP0InterruptHandler</name>
         <value>0xa1da</value>
         <object_component_ref idref="oc-487"/>
      </symbol>
      <symbol id="sm-cbb">
         <name>__TI_int51</name>
         <value>0xffe6</value>
         <object_component_ref idref="oc-80"/>
      </symbol>
      <symbol id="sm-cbc">
         <name>PWRVBUSonHandler</name>
         <value>0xa280</value>
         <object_component_ref idref="oc-46f"/>
      </symbol>
      <symbol id="sm-cbd">
         <name>SetupPacketInterruptHandler</name>
         <value>0x9c92</value>
         <object_component_ref idref="oc-41e"/>
      </symbol>
      <symbol id="sm-cbe">
         <name>PWRVBUSoffHandler</name>
         <value>0x9c4a</value>
         <object_component_ref idref="oc-463"/>
      </symbol>
      <symbol id="sm-cbf">
         <name>iUsbInterruptHandler</name>
         <value>0x4702</value>
         <object_component_ref idref="oc-3bc"/>
      </symbol>
      <symbol id="sm-cdd">
         <name>abromConfigurationDescriptorGroup</name>
         <value>0x45a0</value>
         <object_component_ref idref="oc-aba"/>
      </symbol>
      <symbol id="sm-cde">
         <name>tUsbRequestList</name>
         <value>0x4400</value>
         <object_component_ref idref="oc-720"/>
      </symbol>
      <symbol id="sm-cdf">
         <name>abromDeviceDescriptor</name>
         <value>0x4694</value>
         <object_component_ref idref="oc-ab6"/>
      </symbol>
      <symbol id="sm-ce0">
         <name>abromStringDescriptor</name>
         <value>0x450a</value>
         <object_component_ref idref="oc-abe"/>
      </symbol>
      <symbol id="sm-ce1">
         <name>stUsbHandle</name>
         <value>0x46c6</value>
         <object_component_ref idref="oc-538"/>
      </symbol>
      <symbol id="sm-ced">
         <name>__mspabi_remi</name>
         <value>0xa472</value>
         <object_component_ref idref="oc-ae5"/>
      </symbol>
      <symbol id="sm-cee">
         <name>__mspabi_divi</name>
         <value>0xa472</value>
         <object_component_ref idref="oc-ae5"/>
      </symbol>
      <symbol id="sm-cf8">
         <name>__mspabi_remu</name>
         <value>0xa8a2</value>
         <object_component_ref idref="oc-a5f"/>
      </symbol>
      <symbol id="sm-cf9">
         <name>__mspabi_divu</name>
         <value>0xa8a2</value>
         <object_component_ref idref="oc-a5f"/>
      </symbol>
      <symbol id="sm-d05">
         <name>__mspabi_remli</name>
         <value>0x9f36</value>
         <object_component_ref idref="oc-ae0"/>
      </symbol>
      <symbol id="sm-d06">
         <name>__mspabi_divli</name>
         <value>0x9f36</value>
         <object_component_ref idref="oc-ae0"/>
      </symbol>
      <symbol id="sm-d14">
         <name>__mspabi_remul</name>
         <value>0x99b2</value>
         <object_component_ref idref="oc-8a3"/>
      </symbol>
      <symbol id="sm-d15">
         <name>__mspabi_divul</name>
         <value>0x99b2</value>
         <object_component_ref idref="oc-8a3"/>
      </symbol>
      <symbol id="sm-d18">
         <name>__TI_int41</name>
         <value>0xffd2</value>
         <object_component_ref idref="oc-76"/>
      </symbol>
      <symbol id="sm-d1b">
         <name>__TI_int43</name>
         <value>0xffd6</value>
         <object_component_ref idref="oc-78"/>
      </symbol>
      <symbol id="sm-d1e">
         <name>__TI_int44</name>
         <value>0xffd8</value>
         <object_component_ref idref="oc-79"/>
      </symbol>
      <symbol id="sm-d21">
         <name>__TI_int45</name>
         <value>0xffda</value>
         <object_component_ref idref="oc-7a"/>
      </symbol>
      <symbol id="sm-d24">
         <name>__TI_int46</name>
         <value>0xffdc</value>
         <object_component_ref idref="oc-7b"/>
      </symbol>
      <symbol id="sm-d27">
         <name>__TI_int48</name>
         <value>0xffe0</value>
         <object_component_ref idref="oc-7d"/>
      </symbol>
      <symbol id="sm-d2a">
         <name>__TI_int50</name>
         <value>0xffe4</value>
         <object_component_ref idref="oc-7f"/>
      </symbol>
      <symbol id="sm-d2d">
         <name>__TI_int52</name>
         <value>0xffe8</value>
         <object_component_ref idref="oc-81"/>
      </symbol>
      <symbol id="sm-d30">
         <name>__TI_int53</name>
         <value>0xffea</value>
         <object_component_ref idref="oc-82"/>
      </symbol>
      <symbol id="sm-d33">
         <name>__TI_int54</name>
         <value>0xffec</value>
         <object_component_ref idref="oc-83"/>
      </symbol>
      <symbol id="sm-d36">
         <name>__TI_int55</name>
         <value>0xffee</value>
         <object_component_ref idref="oc-84"/>
      </symbol>
      <symbol id="sm-d39">
         <name>__TI_int57</name>
         <value>0xfff2</value>
         <object_component_ref idref="oc-86"/>
      </symbol>
      <symbol id="sm-d3c">
         <name>__TI_int58</name>
         <value>0xfff4</value>
         <object_component_ref idref="oc-87"/>
      </symbol>
      <symbol id="sm-d3f">
         <name>__TI_int59</name>
         <value>0xfff6</value>
         <object_component_ref idref="oc-88"/>
      </symbol>
      <symbol id="sm-d42">
         <name>__TI_int60</name>
         <value>0xfff8</value>
         <object_component_ref idref="oc-89"/>
      </symbol>
      <symbol id="sm-d45">
         <name>__TI_int62</name>
         <value>0xfffc</value>
         <object_component_ref idref="oc-8b"/>
      </symbol>
      <symbol id="sm-d4d">
         <name>__TI_ISR_TRAP</name>
         <value>0x494c</value>
         <object_component_ref idref="oc-3a5"/>
      </symbol>
      <symbol id="sm-d56">
         <name>__mspabi_slli</name>
         <value>0xaa8e</value>
         <object_component_ref idref="oc-a67"/>
      </symbol>
      <symbol id="sm-d66">
         <name>__mspabi_slll_9</name>
         <value>0xa0c6</value>
         <object_component_ref idref="oc-695"/>
      </symbol>
      <symbol id="sm-d67">
         <name>__mspabi_slll_8</name>
         <value>0xa0ca</value>
         <object_component_ref idref="oc-695"/>
      </symbol>
      <symbol id="sm-d68">
         <name>__mspabi_slll_7</name>
         <value>0xa0ce</value>
         <object_component_ref idref="oc-695"/>
      </symbol>
      <symbol id="sm-d69">
         <name>__mspabi_slll_6</name>
         <value>0xa0d2</value>
         <object_component_ref idref="oc-695"/>
      </symbol>
      <symbol id="sm-d6a">
         <name>__mspabi_slll_5</name>
         <value>0xa0d6</value>
         <object_component_ref idref="oc-695"/>
      </symbol>
      <symbol id="sm-d6b">
         <name>__mspabi_slll_4</name>
         <value>0xa0da</value>
         <object_component_ref idref="oc-695"/>
      </symbol>
      <symbol id="sm-d6c">
         <name>__mspabi_slll_3</name>
         <value>0xa0de</value>
         <object_component_ref idref="oc-695"/>
      </symbol>
      <symbol id="sm-d6d">
         <name>__mspabi_slll_2</name>
         <value>0xa0e2</value>
         <object_component_ref idref="oc-695"/>
      </symbol>
      <symbol id="sm-d6e">
         <name>__mspabi_slll_1</name>
         <value>0xa0e6</value>
         <object_component_ref idref="oc-695"/>
      </symbol>
      <symbol id="sm-d6f">
         <name>__mspabi_slll</name>
         <value>0xa9fa</value>
         <object_component_ref idref="oc-b84"/>
      </symbol>
      <symbol id="sm-d70">
         <name>__mspabi_slll_15</name>
         <value>0xa0ae</value>
         <object_component_ref idref="oc-695"/>
      </symbol>
      <symbol id="sm-d71">
         <name>__mspabi_slll_14</name>
         <value>0xa0b2</value>
         <object_component_ref idref="oc-695"/>
      </symbol>
      <symbol id="sm-d72">
         <name>__mspabi_slll_13</name>
         <value>0xa0b6</value>
         <object_component_ref idref="oc-695"/>
      </symbol>
      <symbol id="sm-d73">
         <name>__mspabi_slll_12</name>
         <value>0xa0ba</value>
         <object_component_ref idref="oc-695"/>
      </symbol>
      <symbol id="sm-d74">
         <name>__mspabi_slll_11</name>
         <value>0xa0be</value>
         <object_component_ref idref="oc-695"/>
      </symbol>
      <symbol id="sm-d75">
         <name>__mspabi_slll_10</name>
         <value>0xa0c2</value>
         <object_component_ref idref="oc-695"/>
      </symbol>
      <symbol id="sm-d85">
         <name>__mspabi_srll_8</name>
         <value>0xa108</value>
         <object_component_ref idref="oc-8cc"/>
      </symbol>
      <symbol id="sm-d86">
         <name>__mspabi_srll_9</name>
         <value>0xa104</value>
         <object_component_ref idref="oc-8cc"/>
      </symbol>
      <symbol id="sm-d87">
         <name>__mspabi_srll_6</name>
         <value>0xa110</value>
         <object_component_ref idref="oc-8cc"/>
      </symbol>
      <symbol id="sm-d88">
         <name>__mspabi_srll_7</name>
         <value>0xa10c</value>
         <object_component_ref idref="oc-8cc"/>
      </symbol>
      <symbol id="sm-d89">
         <name>__mspabi_srll_4</name>
         <value>0xa118</value>
         <object_component_ref idref="oc-8cc"/>
      </symbol>
      <symbol id="sm-d8a">
         <name>__mspabi_srll_5</name>
         <value>0xa114</value>
         <object_component_ref idref="oc-8cc"/>
      </symbol>
      <symbol id="sm-d8b">
         <name>__mspabi_srll_2</name>
         <value>0xa120</value>
         <object_component_ref idref="oc-8cc"/>
      </symbol>
      <symbol id="sm-d8c">
         <name>__mspabi_srll_3</name>
         <value>0xa11c</value>
         <object_component_ref idref="oc-8cc"/>
      </symbol>
      <symbol id="sm-d8d">
         <name>__mspabi_srll_1</name>
         <value>0xa124</value>
         <object_component_ref idref="oc-8cc"/>
      </symbol>
      <symbol id="sm-d8e">
         <name>__mspabi_srll_15</name>
         <value>0xa0ec</value>
         <object_component_ref idref="oc-8cc"/>
      </symbol>
      <symbol id="sm-d8f">
         <name>__mspabi_srll_14</name>
         <value>0xa0f0</value>
         <object_component_ref idref="oc-8cc"/>
      </symbol>
      <symbol id="sm-d90">
         <name>__mspabi_srll_13</name>
         <value>0xa0f4</value>
         <object_component_ref idref="oc-8cc"/>
      </symbol>
      <symbol id="sm-d91">
         <name>__mspabi_srll_12</name>
         <value>0xa0f8</value>
         <object_component_ref idref="oc-8cc"/>
      </symbol>
      <symbol id="sm-d92">
         <name>__mspabi_srll_11</name>
         <value>0xa0fc</value>
         <object_component_ref idref="oc-8cc"/>
      </symbol>
      <symbol id="sm-d93">
         <name>__mspabi_srll_10</name>
         <value>0xa100</value>
         <object_component_ref idref="oc-8cc"/>
      </symbol>
      <symbol id="sm-d94">
         <name>__mspabi_srll</name>
         <value>0xaa0a</value>
         <object_component_ref idref="oc-b5c"/>
      </symbol>
      <symbol id="sm-d9d">
         <name>__mspabi_mpyi_f5hw</name>
         <value>0xa802</value>
         <object_component_ref idref="oc-583"/>
      </symbol>
      <symbol id="sm-da7">
         <name>__mspabi_mpyl_f5hw</name>
         <value>0xa542</value>
         <object_component_ref idref="oc-8d1"/>
      </symbol>
      <symbol id="sm-db9">
         <name>_stack</name>
         <value>0x4360</value>
         <object_component_ref idref="oc-38a"/>
      </symbol>
      <symbol id="sm-dba">
         <name>_c_int00_noargs</name>
         <value>0x4908</value>
         <object_component_ref idref="oc-3e0"/>
      </symbol>
      <symbol id="sm-dbb">
         <name>_reset_vector</name>
         <value>0xfffe</value>
         <object_component_ref idref="oc-38d"/>
      </symbol>
      <symbol id="sm-ddd">
         <name>__TI_auto_init_nobinit_nopinit_hold_wdt</name>
         <value>0x95d8</value>
         <object_component_ref idref="oc-700"/>
      </symbol>
      <symbol id="sm-ded">
         <name>__TI_zero_init_nomemset</name>
         <value>0xa032</value>
         <object_component_ref idref="oc-3ce"/>
      </symbol>
      <symbol id="sm-df9">
         <name>_system_pre_init</name>
         <value>0xab22</value>
         <object_component_ref idref="oc-4d8"/>
      </symbol>
      <symbol id="sm-e02">
         <name>_system_post_cinit</name>
         <value>0xab26</value>
         <object_component_ref idref="oc-8ec"/>
      </symbol>
      <symbol id="sm-e13">
         <name>__TI_decompress_none</name>
         <value>0xa12a</value>
         <object_component_ref idref="oc-70"/>
      </symbol>
      <symbol id="sm-e34">
         <name>__TI_decompress_lzss</name>
         <value>0x831c</value>
         <object_component_ref idref="oc-6a"/>
      </symbol>
      <symbol id="sm-e5b">
         <name>__mspabi_addd</name>
         <value>0x64a2</value>
         <object_component_ref idref="oc-b0e"/>
      </symbol>
      <symbol id="sm-e75">
         <name>__mspabi_cmpd</name>
         <value>0x86ac</value>
         <object_component_ref idref="oc-9cb"/>
      </symbol>
      <symbol id="sm-e96">
         <name>__mspabi_divd</name>
         <value>0x760e</value>
         <object_component_ref idref="oc-9d5"/>
      </symbol>
      <symbol id="sm-ea1">
         <name>__mspabi_fixdu</name>
         <value>0xa97e</value>
         <object_component_ref idref="oc-9dc"/>
      </symbol>
      <symbol id="sm-eb1">
         <name>__mspabi_fixdul</name>
         <value>0x9716</value>
         <object_component_ref idref="oc-b01"/>
      </symbol>
      <symbol id="sm-eba">
         <name>__mspabi_fltud</name>
         <value>0xaae6</value>
         <object_component_ref idref="oc-b65"/>
      </symbol>
      <symbol id="sm-ecf">
         <name>__mspabi_fltuld</name>
         <value>0x92ac</value>
         <object_component_ref idref="oc-7d2"/>
      </symbol>
      <symbol id="sm-ef0">
         <name>__TI_frcaddd</name>
         <value>0x71a6</value>
         <object_component_ref idref="oc-b6c"/>
      </symbol>
      <symbol id="sm-f0b">
         <name>__TI_frcdivd</name>
         <value>0x603c</value>
         <object_component_ref idref="oc-af9"/>
      </symbol>
      <symbol id="sm-f2c">
         <name>__mspabi_mpyd</name>
         <value>0x6f42</value>
         <object_component_ref idref="oc-9e9"/>
      </symbol>
      <symbol id="sm-f40">
         <name>__TI_renormd</name>
         <value>0x8a8c</value>
         <object_component_ref idref="oc-b8e"/>
      </symbol>
      <symbol id="sm-f49">
         <name>__mspabi_subd</name>
         <value>0xa416</value>
         <object_component_ref idref="oc-b14"/>
      </symbol>
      <symbol id="sm-f53">
         <name>C$$EXIT</name>
         <value>0xaaec</value>
         <object_component_ref idref="oc-6dc"/>
      </symbol>
      <symbol id="sm-f54">
         <name>abort</name>
         <value>0xaaec</value>
         <object_component_ref idref="oc-6dc"/>
      </symbol>
      <symbol id="sm-f64">
         <name>memcpy</name>
         <value>0xa9a2</value>
         <object_component_ref idref="oc-7ba"/>
      </symbol>
      <symbol id="sm-f72">
         <name>memset</name>
         <value>0xa8f8</value>
         <object_component_ref idref="oc-65c"/>
      </symbol>
      <symbol id="sm-f81">
         <name>strcat</name>
         <value>0xa79e</value>
         <object_component_ref idref="oc-66b"/>
      </symbol>
      <symbol id="sm-f8e">
         <name>strlen</name>
         <value>0xaa44</value>
         <object_component_ref idref="oc-882"/>
      </symbol>
      <symbol id="sm-f9e">
         <name>strncpy</name>
         <value>0xa49e</value>
         <object_component_ref idref="oc-888"/>
      </symbol>
      <symbol id="sm-fae">
         <name>__mspabi_sral</name>
         <value>0xa9ea</value>
         <object_component_ref idref="oc-b89"/>
      </symbol>
      <symbol id="sm-faf">
         <name>__mspabi_sral_15</name>
         <value>0xa070</value>
         <object_component_ref idref="oc-b53"/>
      </symbol>
      <symbol id="sm-fb0">
         <name>__mspabi_sral_14</name>
         <value>0xa074</value>
         <object_component_ref idref="oc-b53"/>
      </symbol>
      <symbol id="sm-fb1">
         <name>__mspabi_sral_13</name>
         <value>0xa078</value>
         <object_component_ref idref="oc-b53"/>
      </symbol>
      <symbol id="sm-fb2">
         <name>__mspabi_sral_12</name>
         <value>0xa07c</value>
         <object_component_ref idref="oc-b53"/>
      </symbol>
      <symbol id="sm-fb3">
         <name>__mspabi_sral_11</name>
         <value>0xa080</value>
         <object_component_ref idref="oc-b53"/>
      </symbol>
      <symbol id="sm-fb4">
         <name>__mspabi_sral_10</name>
         <value>0xa084</value>
         <object_component_ref idref="oc-b53"/>
      </symbol>
      <symbol id="sm-fb5">
         <name>__mspabi_sral_8</name>
         <value>0xa08c</value>
         <object_component_ref idref="oc-b53"/>
      </symbol>
      <symbol id="sm-fb6">
         <name>__mspabi_sral_9</name>
         <value>0xa088</value>
         <object_component_ref idref="oc-b53"/>
      </symbol>
      <symbol id="sm-fb7">
         <name>__mspabi_sral_6</name>
         <value>0xa094</value>
         <object_component_ref idref="oc-b53"/>
      </symbol>
      <symbol id="sm-fb8">
         <name>__mspabi_sral_7</name>
         <value>0xa090</value>
         <object_component_ref idref="oc-b53"/>
      </symbol>
      <symbol id="sm-fb9">
         <name>__mspabi_sral_4</name>
         <value>0xa09c</value>
         <object_component_ref idref="oc-b53"/>
      </symbol>
      <symbol id="sm-fba">
         <name>__mspabi_sral_5</name>
         <value>0xa098</value>
         <object_component_ref idref="oc-b53"/>
      </symbol>
      <symbol id="sm-fbb">
         <name>__mspabi_sral_2</name>
         <value>0xa0a4</value>
         <object_component_ref idref="oc-b53"/>
      </symbol>
      <symbol id="sm-fbc">
         <name>__mspabi_sral_3</name>
         <value>0xa0a0</value>
         <object_component_ref idref="oc-b53"/>
      </symbol>
      <symbol id="sm-fbd">
         <name>__mspabi_sral_1</name>
         <value>0xa0a8</value>
         <object_component_ref idref="oc-b53"/>
      </symbol>
      <symbol id="sm-fc8">
         <name>__memcpy_far</name>
         <value>0x9ef6</value>
         <object_component_ref idref="oc-399"/>
      </symbol>
      <symbol id="sm-fd9">
         <name>__TI_frcmpyd</name>
         <value>0x6a4a</value>
         <object_component_ref idref="oc-b1b"/>
      </symbol>
   </symbol_table>
   <title>Link successful</title>
</link_info>
