******************************************************************************
                  MSP430 Linker PC v18.1.3                     
******************************************************************************
>> Linked Mon Oct  1 14:55:52 2018

OUTPUT FILE NAME:   <CES_HRMWatch_PC_EVM_GUI_v2.0-CCS.out>
ENTRY POINT SYMBOL: "_c_int00_noargs"  address: 00004908


MEMORY CONFIGURATION

         name            origin    length      used     unused   attr    fill
----------------------  --------  ---------  --------  --------  ----  --------
  SFR                   00000000   00000010  00000000  00000010  RWIX
  PERIPHERALS_8BIT      00000010   000000f0  00000000  000000f0  RWIX
  PERIPHERALS_16BIT     00000100   00000100  00000000  00000100  RWIX
  INFOD                 00001800   00000080  00000000  00000080  RWIX
  INFOC                 00001880   00000080  00000000  00000080  RWIX
  INFOB                 00001900   00000080  00000000  00000080  RWIX
  INFOA                 00001980   00000080  00000000  00000080  RWIX
  USBRAM                00001c00   00000800  00000000  00000800  RWIX
  RAM                   00002400   00002000  0000037f  00001c81  RWIX
  FLASH                 00004400   0000bb80  000067f8  00005388  RWIX
  INT00                 0000ff80   00000002  00000000  00000002  RWIX
  INT01                 0000ff82   00000002  00000000  00000002  RWIX
  INT02                 0000ff84   00000002  00000000  00000002  RWIX
  INT03                 0000ff86   00000002  00000000  00000002  RWIX
  INT04                 0000ff88   00000002  00000000  00000002  RWIX
  INT05                 0000ff8a   00000002  00000000  00000002  RWIX
  INT06                 0000ff8c   00000002  00000000  00000002  RWIX
  INT07                 0000ff8e   00000002  00000000  00000002  RWIX
  INT08                 0000ff90   00000002  00000000  00000002  RWIX
  INT09                 0000ff92   00000002  00000000  00000002  RWIX
  INT10                 0000ff94   00000002  00000000  00000002  RWIX
  INT11                 0000ff96   00000002  00000000  00000002  RWIX
  INT12                 0000ff98   00000002  00000000  00000002  RWIX
  INT13                 0000ff9a   00000002  00000000  00000002  RWIX
  INT14                 0000ff9c   00000002  00000000  00000002  RWIX
  INT15                 0000ff9e   00000002  00000000  00000002  RWIX
  INT16                 0000ffa0   00000002  00000000  00000002  RWIX
  INT17                 0000ffa2   00000002  00000000  00000002  RWIX
  INT18                 0000ffa4   00000002  00000000  00000002  RWIX
  INT19                 0000ffa6   00000002  00000000  00000002  RWIX
  INT20                 0000ffa8   00000002  00000000  00000002  RWIX
  INT21                 0000ffaa   00000002  00000000  00000002  RWIX
  INT22                 0000ffac   00000002  00000000  00000002  RWIX
  INT23                 0000ffae   00000002  00000000  00000002  RWIX
  INT24                 0000ffb0   00000002  00000000  00000002  RWIX
  INT25                 0000ffb2   00000002  00000000  00000002  RWIX
  INT26                 0000ffb4   00000002  00000000  00000002  RWIX
  INT27                 0000ffb6   00000002  00000000  00000002  RWIX
  INT28                 0000ffb8   00000002  00000000  00000002  RWIX
  INT29                 0000ffba   00000002  00000000  00000002  RWIX
  INT30                 0000ffbc   00000002  00000000  00000002  RWIX
  INT31                 0000ffbe   00000002  00000000  00000002  RWIX
  INT32                 0000ffc0   00000002  00000000  00000002  RWIX
  INT33                 0000ffc2   00000002  00000000  00000002  RWIX
  INT34                 0000ffc4   00000002  00000000  00000002  RWIX
  INT35                 0000ffc6   00000002  00000000  00000002  RWIX
  INT36                 0000ffc8   00000002  00000000  00000002  RWIX
  INT37                 0000ffca   00000002  00000000  00000002  RWIX
  INT38                 0000ffcc   00000002  00000000  00000002  RWIX
  INT39                 0000ffce   00000002  00000000  00000002  RWIX
  INT40                 0000ffd0   00000002  00000000  00000002  RWIX
  INT41                 0000ffd2   00000002  00000002  00000000  RWIX
  INT42                 0000ffd4   00000002  00000002  00000000  RWIX
  INT43                 0000ffd6   00000002  00000002  00000000  RWIX
  INT44                 0000ffd8   00000002  00000002  00000000  RWIX
  INT45                 0000ffda   00000002  00000002  00000000  RWIX
  INT46                 0000ffdc   00000002  00000002  00000000  RWIX
  INT47                 0000ffde   00000002  00000002  00000000  RWIX
  INT48                 0000ffe0   00000002  00000002  00000000  RWIX
  INT49                 0000ffe2   00000002  00000002  00000000  RWIX
  INT50                 0000ffe4   00000002  00000002  00000000  RWIX
  INT51                 0000ffe6   00000002  00000002  00000000  RWIX
  INT52                 0000ffe8   00000002  00000002  00000000  RWIX
  INT53                 0000ffea   00000002  00000002  00000000  RWIX
  INT54                 0000ffec   00000002  00000002  00000000  RWIX
  INT55                 0000ffee   00000002  00000002  00000000  RWIX
  INT56                 0000fff0   00000002  00000002  00000000  RWIX
  INT57                 0000fff2   00000002  00000002  00000000  RWIX
  INT58                 0000fff4   00000002  00000002  00000000  RWIX
  INT59                 0000fff6   00000002  00000002  00000000  RWIX
  INT60                 0000fff8   00000002  00000002  00000000  RWIX
  INT61                 0000fffa   00000002  00000002  00000000  RWIX
  INT62                 0000fffc   00000002  00000002  00000000  RWIX
  RESET                 0000fffe   00000002  00000002  00000000  RWIX
  FLASH2                00010000   00014400  00000000  00014400  RWIX


SECTION ALLOCATION MAP

 output                                  attributes/
section   page    origin      length       input sections
--------  ----  ----------  ----------   ----------------
.data      0    00002400    000001e8     UNINITIALIZED
                  00002400    00000090     AFE44xx.obj (.data:AFE44xx_Current_Register_Settings)
                  00002490    00000080     usci_uartbaudrate.obj (.data:usci_uartbaudrate_UCSx_mod)
                  00002510    00000040     AFE44xx_main.obj (.data:txString)
                  00002550    00000040     AFE44xx_main.obj (.data:wholeString)
                  00002590    0000002e     CalibrationRoutine.obj (.data)
                  000025be    0000000e     AFE44xx_main.obj (.data)
                  000025cc    0000000d     BLE.obj (.data)
                  000025d9    00000001     --HOLE--
                  000025da    00000008     ucs.obj (.data)
                  000025e2    00000006     usb.obj (.data)

.bss       0    000025e8    000000f7     UNINITIALIZED
                  000025e8    00000022     (.common:abramSerialStringDescriptor)
                  0000260a    00000018     (.common:AFE44xx_SPO2_Data_buf)
                  00002622    00000010     UsbCdc.obj (.bss:CdcReadCtrl)
                  00002632    0000000a     UsbCdc.obj (.bss:CdcWriteCtrl)
                  0000263c    0000000a     (.common:g_ui8UartBuffer)
                  00002646    00000008     CalibrationRoutine.obj (.bss)
                  0000264e    00000008     UsbCdc.obj (.bss:CdcControl)
                  00002656    00000008     (.common:abUsbRequestIncomingData)
                  0000265e    00000008     (.common:abUsbRequestReturnData)
                  00002666    00000008     (.common:calibParams)
                  0000266e    00000008     (.common:usci_uartbaudrate_baudrate)
                  00002676    00000008     (.common:usci_uartbaudrate_brclk)
                  0000267e    00000008     (.common:usci_uartbaudrate_lf_div_f)
                  00002686    00000008     (.common:usci_uartbaudrate_osr_div_f)
                  0000268e    00000007     usb.obj (.bss)
                  00002695    00000001     (.common:AFE44xxAddr)
                  00002696    00000006     (.common:MPU9150_ACCEL_Data_buf)
                  0000269c    00000006     (.common:acc)
                  000026a2    00000004     (.common:AFE44xxRegVal)
                  000026a6    00000004     (.common:HIGH_THR_HYS_HIGH)
                  000026aa    00000004     (.common:HIGH_THR_HYS_LOW)
                  000026ae    00000004     (.common:LOW_THR_HYS_HIGH)
                  000026b2    00000004     (.common:LOW_THR_HYS_LOW)
                  000026b6    00000004     (.common:TARGET_THR)
                  000026ba    00000004     (.common:USB_RX_memcpy)
                  000026be    00000004     (.common:USB_TX_memcpy)
                  000026c2    00000004     (.common:sampleCount)
                  000026c6    00000004     (.common:totalCount)
                  000026ca    00000002     (.common:g_SpansionMemSelected)
                  000026cc    00000002     (.common:maxLEDCurrent)
                  000026ce    00000002     (.common:usci_uartbaudrate_lf_div_i)
                  000026d0    00000002     (.common:usci_uartbaudrate_osr_div_i)
                  000026d2    00000002     (.common:wBytesRemainingOnIEP0)
                  000026d4    00000002     (.common:wBytesRemainingOnOEP0)
                  000026d6    00000002     (.common:wUsbEventMask)
                  000026d8    00000001     (.common:ILED1_CURR_MAX_Code)
                  000026d9    00000001     (.common:ILED1_CURR_MIN_Code)
                  000026da    00000001     (.common:ILED2_CURR_MAX_Code)
                  000026db    00000001     (.common:ILED2_CURR_MIN_Code)
                  000026dc    00000001     (.common:bStatusAction)
                  000026dd    00000001     (.common:fInvokeBSL)
                  000026de    00000001     (.common:g_bErrorFlashErase)

.stack     0    00004360    000000a0     UNINITIALIZED
                  00004360    00000002     rts430x_lc_sd_eabi.lib : boot.c.obj (.stack)
                  00004362    0000009e     --HOLE--

.const     0    00004400    00000302     
                  00004400    0000010a     descriptors.obj (.const:tUsbRequestList)
                  0000450a    00000096     descriptors.obj (.const:.string:abromStringDescriptor)
                  000045a0    00000043     descriptors.obj (.const:abromConfigurationDescriptorGroup)
                  000045e3    00000001     --HOLE-- [fill = 0]
                  000045e4    00000028     spansion_config_flash.obj (.const:spansionSpiConfig)
                  0000460c    00000020     usb.obj (.const:.string)
                  0000462c    0000001c     config_AFE4403.obj (.const:AFE44xx_SPI_Config)
                  00004648    0000001c     gpio.obj (.const:GPIO_PORT_TO_BASE)
                  00004664    00000018     usci_uartbaudrate.obj (.const:$P$T0$1)
                  0000467c    00000018     usci_uartbaudrate.obj (.const:$P$T1$2)
                  00004694    00000012     descriptors.obj (.const:.string:abromDeviceDescriptor)
                  000046a6    00000010     BLE.obj (.const:.string)
                  000046b6    00000010     HAL_I2C.obj (.const:I2C_USCI_B0_Config)
                  000046c6    00000010     descriptors.obj (.const:stUsbHandle)
                  000046d6    0000000e     usci_spi.obj (.const:$P$T0$1)
                  000046e4    0000000c     BLE.obj (.const:$P$T0$1)
                  000046f0    0000000a     HAL_I2C.obj (.const:$P$T0$1)
                  000046fa    00000004     config_AFE4403.obj (.const:AFE44xx_DRDY_PORT_ISR)
                  000046fe    00000004     config_AFE4403.obj (.const:AFE44xx_RESET)

.text:_isr 
*          0    00004702    00000254     
                  00004702    00000138     UsbIsr.obj (.text:_isr:iUsbInterruptHandler)
                  0000483a    00000090     BLE.obj (.text:_isr:USCI_A0_ISR)
                  000048ca    0000003e     AFE44xx_main.obj (.text:_isr:UNMI_ISR)
                  00004908    0000001c     rts430x_lc_sd_eabi.lib : boot.c.obj (.text:_isr:_c_int00_noargs)
                  00004924    00000014     AFE44xx_main.obj (.text:_isr:Port_1)
                  00004938    00000014     AFE44xx_main.obj (.text:_isr:Port_2)
                  0000494c    00000008     rts430x_lc_sd_eabi.lib : isr_trap.asm.obj (.text:_isr:__TI_ISR_TRAP)
                  00004954    00000002     AFE44xx_main.obj (.text:_isr:TIMER1_A0_ISR)

.cinit     0    0000ab28    000000d0     
                  0000ab28    000000ae     (.cinit..data.load) [load image, compression = lzss]
                  0000abd6    0000000c     (__TI_handler_table)
                  0000abe2    00000006     (.cinit..bss.load) [load image, compression = zero_init]
                  0000abe8    00000010     (__TI_cinit_table)

.init_array 
*          0    00004400    00000000     UNINITIALIZED

RTC        0    0000ffd2    00000002     
                  0000ffd2    00000002     rts430x_lc_sd_eabi.lib : int41.asm.obj (.int41)

PORT2      0    0000ffd4    00000002     
                  0000ffd4    00000002     AFE44xx_main.obj (.int42)

TIMER2_A1 
*          0    0000ffd6    00000002     
                  0000ffd6    00000002     rts430x_lc_sd_eabi.lib : int43.asm.obj (.int43)

TIMER2_A0 
*          0    0000ffd8    00000002     
                  0000ffd8    00000002     rts430x_lc_sd_eabi.lib : int44.asm.obj (.int44)

USCI_B1    0    0000ffda    00000002     
                  0000ffda    00000002     rts430x_lc_sd_eabi.lib : int45.asm.obj (.int45)

USCI_A1    0    0000ffdc    00000002     
                  0000ffdc    00000002     rts430x_lc_sd_eabi.lib : int46.asm.obj (.int46)

PORT1      0    0000ffde    00000002     
                  0000ffde    00000002     AFE44xx_main.obj (.int47)

TIMER1_A1 
*          0    0000ffe0    00000002     
                  0000ffe0    00000002     rts430x_lc_sd_eabi.lib : int48.asm.obj (.int48)

TIMER1_A0 
*          0    0000ffe2    00000002     
                  0000ffe2    00000002     AFE44xx_main.obj (.int49)

DMA        0    0000ffe4    00000002     
                  0000ffe4    00000002     rts430x_lc_sd_eabi.lib : int50.asm.obj (.int50)

USB_UBM    0    0000ffe6    00000002     
                  0000ffe6    00000002     UsbIsr.obj (.int51)

TIMER0_A1 
*          0    0000ffe8    00000002     
                  0000ffe8    00000002     rts430x_lc_sd_eabi.lib : int52.asm.obj (.int52)

TIMER0_A0 
*          0    0000ffea    00000002     
                  0000ffea    00000002     rts430x_lc_sd_eabi.lib : int53.asm.obj (.int53)

ADC12      0    0000ffec    00000002     
                  0000ffec    00000002     rts430x_lc_sd_eabi.lib : int54.asm.obj (.int54)

USCI_B0    0    0000ffee    00000002     
                  0000ffee    00000002     rts430x_lc_sd_eabi.lib : int55.asm.obj (.int55)

USCI_A0    0    0000fff0    00000002     
                  0000fff0    00000002     BLE.obj (.int56)

WDT        0    0000fff2    00000002     
                  0000fff2    00000002     rts430x_lc_sd_eabi.lib : int57.asm.obj (.int57)

TIMER0_B1 
*          0    0000fff4    00000002     
                  0000fff4    00000002     rts430x_lc_sd_eabi.lib : int58.asm.obj (.int58)

TIMER0_B0 
*          0    0000fff6    00000002     
                  0000fff6    00000002     rts430x_lc_sd_eabi.lib : int59.asm.obj (.int59)

COMP_B     0    0000fff8    00000002     
                  0000fff8    00000002     rts430x_lc_sd_eabi.lib : int60.asm.obj (.int60)

UNMI       0    0000fffa    00000002     
                  0000fffa    00000002     AFE44xx_main.obj (.int61)

SYSNMI     0    0000fffc    00000002     
                  0000fffc    00000002     rts430x_lc_sd_eabi.lib : int62.asm.obj (.int62)

.reset     0    0000fffe    00000002     
                  0000fffe    00000002     rts430x_lc_sd_eabi.lib : boot.c.obj (.reset)

.text      0    00004956    000061d2     
                  00004956    00000686     AFE44xx_main.obj (.text:main)
                  00004fdc    000005d0     CalibrationRoutine.obj (.text:calibrationLED2)
                  000055ac    00000598     CalibrationRoutine.obj (.text:calibrationLED1)
                  00005b44    000004f8     usci_uartbaudrate.obj (.text:USCI_UARTBAUDRATE_calculateBaudDividers)
                  0000603c    00000466     rts430x_lc_sd_eabi.lib : frcdivd.c.obj (.text:__TI_frcdivd)
                  000064a2    000002de                            : addd.c.obj (.text:__mspabi_addd)
                  00006780    000002ca     UsbCdc.obj (.text:USBCDC_receiveData)
                  00006a4a    00000280     rts430x_lc_sd_eabi.lib : frcmpyd.c.obj (.text:__TI_frcmpyd)
                  00006cca    00000278     UsbCdc.obj (.text:CdcToHostFromBuffer)
                  00006f42    00000264     rts430x_lc_sd_eabi.lib : mpyd.c.obj (.text:__mspabi_mpyd)
                  000071a6    00000248                            : frcaddd.c.obj (.text:__TI_frcaddd)
                  000073ee    00000220     usci_uartbaudrate.obj (.text:USCI_UARTBAUDRATE_txError)
                  0000760e    00000220     rts430x_lc_sd_eabi.lib : divd.c.obj (.text:__mspabi_divd)
                  0000782e    000001fa     CalibrationRoutine.obj (.text:initCalibrationRoutine)
                  00007a28    000001d8     AFE44xx.obj (.text:AFE44xx_Default_Reg_Init)
                  00007c00    0000019e     usb.obj (.text:USB_reset)
                  00007d9e    0000016c     UsbCdc.obj (.text:CdcToBufferFromHost)
                  00007f0a    00000120     AFE44xx_main.obj (.text:retInString)
                  0000802a    00000108     ucs.obj (.text:privateUCSSourceClockFromDCO)
                  00008132    000000f8     spansion_flash.obj (.text:spansionFlashInit)
                  0000822a    000000f2     usci_uartbaudrate.obj (.text:USCI_UARTBAUDRATE_txTbit)
                  0000831c    000000ee     rts430x_lc_sd_eabi.lib : copy_decompress_lzss.c.obj (.text:decompress:lzss:__TI_decompress_lzss)
                  0000840a    000000e8     HAL_UCS.obj (.text:Init_FLL)
                  000084f2    000000de     ucs.obj (.text:privateUCSComputeCLKFrequency)
                  000085d0    000000dc     usb.obj (.text:USB_InitSerialStringDescriptor)
                  000086ac    000000d8     rts430x_lc_sd_eabi.lib : cmpd.c.obj (.text:__mspabi_cmpd)
                  00008784    000000d4     HAL_PMM.obj (.text:SetVCoreUp)
                  00008858    000000c4     config_AFE4403.obj (.text:initSpi)
                  0000891c    000000be     BLE.obj (.text:initUart)
                  000089da    000000b2     UsbCdc.obj (.text:USBCDC_intfStatus)
                  00008a8c    000000b2     rts430x_lc_sd_eabi.lib : renormd.c.obj (.text:__TI_renormd)
                  00008b3e    000000ae     MPU9150.obj (.text:initMPU9150)
                  00008bec    0000009c     UsbCdc.obj (.text:CopyUsbToBuff)
                  00008c88    0000009a     HAL_PMM.obj (.text:SetVCoreDown)
                  00008d22    00000098     UsbCdc.obj (.text:USBCDC_sendData)
                  00008dba    00000096     UsbCdc.obj (.text:USBCDC_bytesInUSBBuffer)
                  00008e50    00000096     usb.obj (.text:USB_connectionState)
                  00008ee6    00000092     usb.obj (.text:usbDecodeAndProcessUsbRequest)
                  00008f78    0000008a     HAL_I2C.obj (.text:HAL_I2C_read)
                  00009002    0000008a     usb.obj (.text:USB_enable)
                  0000908c    0000008a     usci_uart.obj (.text:USCI_UART_init)
                  00009116    0000008a     usb.obj (.text:usbGetEndpointStatus)
                  000091a0    00000088     UsbCdc.obj (.text:usbGetLineCoding)
                  00009228    00000084     HAL_I2C.obj (.text:HAL_I2C_init)
                  000092ac    00000080     rts430x_lc_sd_eabi.lib : fltuld.c.obj (.text:__mspabi_fltuld)
                  0000932c    0000007c     BLE.obj (.text:sendBattery)
                  000093a8    0000007a     spansion_flash.obj (.text:spansionFlashBulkErase)
                  00009422    00000072     AFE44xx.obj (.text:AFE44xx_Reg_Read)
                  00009494    0000006e     AFE44xx.obj (.text:AFE44xx_PowerOn_Init)
                  00009502    0000006c     usb.obj (.text:usbSendNextPacketOnIEP0)
                  0000956e    0000006a     usci_spi.obj (.text:USCI_SPI_masterInit)
                  000095d8    0000006a     rts430x_lc_sd_eabi.lib : autoinit.c.obj (.text:__TI_auto_init_nobinit_nopinit_hold_wdt:__TI_auto_init_nobinit_nopinit_hold_wdt)
                  00009642    0000006a     usbConstructs.obj (.text:cdcSendDataInBackground)
                  000096ac    0000006a     BLE.obj (.text:sendAtCommand)
                  00009716    00000068     rts430x_lc_sd_eabi.lib : fixdul.c.obj (.text:__mspabi_fixdul)
                  0000977e    00000066     usb.obj (.text:USB_init)
                  000097e4    00000062     BLE.obj (.text:processEndByte)
                  00009846    00000060     spansion_flash.obj (.text:spansionFlashReadSR1)
                  000098a6    0000005a     BLE.obj (.text:checkDisconnect)
                  00009900    0000005a     BLE.obj (.text:sendDataOff)
                  0000995a    00000058     HAL_I2C.obj (.text:HAL_I2C_write)
                  000099b2    00000058     rts430x_lc_sd_eabi.lib : div32u.asm.obj (.text)
                  00009a0a    00000056     BLE.obj (.text:sendEcho)
                  00009a60    00000056     BLE.obj (.text:sendStreamOff)
                  00009ab6    00000056     BLE.obj (.text:sendStreamOn)
                  00009b0c    00000052     UsbCdc.obj (.text:Handler_SetLineCoding)
                  00009b5e    00000052     usci_spi.obj (.text:USCI_SPI_initMaster)
                  00009bb0    00000050     usb.obj (.text:usbReceiveNextPacketOnOEP0)
                  00009c00    0000004a     HAL_TLV.obj (.text:Get_TLV_Info)
                  00009c4a    00000048     UsbIsr.obj (.text:PWRVBUSoffHandler)
                  00009c92    00000048     UsbIsr.obj (.text:SetupPacketInterruptHandler)
                  00009cda    00000048     usb.obj (.text:usbSetEndpointFeature)
                  00009d22    00000046     AFE44xx.obj (.text:AFE44xx_Reg_Write)
                  00009d68    00000046     usb.obj (.text:usbGetStringDescriptor)
                  00009dae    00000042     AFE44xx.obj (.text:Disable_AFE44xx_SPI_Read)
                  00009df0    00000042     AFE44xx.obj (.text:Enable_AFE44xx_SPI_Read)
                  00009e32    00000042     BLE.obj (.text:processMsgLength)
                  00009e74    00000042     spansion_flash.obj (.text:spansionFlashWriteEnable)
                  00009eb6    00000040     HAL_PMM.obj (.text:SetVCore)
                  00009ef6    00000040     rts430x_lc_sd_eabi.lib : cpy_util.asm.obj (.text:__memcpy_far)
                  00009f36    00000040                            : div32s.asm.obj (.text)
                  00009f76    00000040     usb.obj (.text:usbClearEndpointFeature)
                  00009fb6    0000003e     UsbCdc.obj (.text:CdcResetData)
                  00009ff4    0000003e     usbConstructs.obj (.text:cdcReceiveDataInBuffer)
                  0000a032    0000003e     rts430x_lc_sd_eabi.lib : copy_zero_init.c.obj (.text:decompress:ZI:__TI_zero_init_nomemset:__TI_zero_init_nomemset)
                  0000a070    0000003e                            : asr32.asm.obj (.text:l_asr_const)
                  0000a0ae    0000003e                            : lsl32.asm.obj (.text:l_lsl_const)
                  0000a0ec    0000003e                            : lsr32.asm.obj (.text:l_lsr_const)
                  0000a12a    0000003c                            : copy_decompress_none.c.obj (.text:decompress:none:__TI_decompress_none)
                  0000a166    0000003a     AFE44xx_main.obj (.text:Init_Clock)
                  0000a1a0    0000003a     AFE44xx_main.obj (.text:ascii2uint8)
                  0000a1da    00000038     UsbIsr.obj (.text:OEP0InterruptHandler)
                  0000a212    00000038     dma.obj (.text:USB_initMemcpy)
                  0000a24a    00000036     HAL_UCS.obj (.text:Init_FLL_Settle)
                  0000a280    00000036     UsbIsr.obj (.text:PWRVBUSonHandler)
                  0000a2b6    00000036     AFE44xx.obj (.text:Set_UCB1_SPI)
                  0000a2ec    00000034     usci_i2c.obj (.text:USCI_I2C_initMaster)
                  0000a320    00000034     BLE.obj (.text:sendDisconnect)
                  0000a354    00000032     usb.obj (.text:USB_suspend)
                  0000a386    00000030     usb.obj (.text:USB_connectionInfo)
                  0000a3b6    00000030     HAL_UCS.obj (.text:XT2_Start)
                  0000a3e6    00000030     dma.obj (.text:memcpyDMA0)
                  0000a416    0000002e     rts430x_lc_sd_eabi.lib : subd.c.obj (.text:__mspabi_subd)
                  0000a444    0000002e     BLE.obj (.text:processOpCode)
                  0000a472    0000002c     rts430x_lc_sd_eabi.lib : div16s.asm.obj (.text)
                  0000a49e    0000002c                            : strncpy.c.obj (.text:strncpy)
                  0000a4ca    0000002a     usb.obj (.text:usbGetDeviceStatus)
                  0000a4f4    00000028     fuelGauge.obj (.text:getSOC)
                  0000a51c    00000026     AFE44xx.obj (.text:Init_AFE44xx_DRDY_Interrupt)
                  0000a542    00000024     rts430x_lc_sd_eabi.lib : mult32_f5hw.asm.obj (.text)
                  0000a566    00000022     gpio.obj (.text:GPIO_setAsInputPinWithPullUpResistor)
                  0000a588    00000022     usb.obj (.text:USB_disable)
                  0000a5aa    00000022     CalibrationRoutine.obj (.text:ledCurrent2ledCode)
                  0000a5cc    00000022     dma.obj (.text:memcpyV)
                  0000a5ee    00000022     usb.obj (.text:usbSendDataPacketOnEP0)
                  0000a610    00000020     usb.obj (.text:usbSetAddress)
                  0000a630    00000020     usb.obj (.text:usbSetConfiguration)
                  0000a650    0000001e     ucs.obj (.text:UCS_getACLK)
                  0000a66e    0000001e     config_AFE4403.obj (.text:readAccelerometerData)
                  0000a68c    0000001e     usb.obj (.text:usbGetInterface)
                  0000a6aa    0000001e     usb.obj (.text:usbGetInterfaceStatus)
                  0000a6c8    0000001c     UsbIsr.obj (.text:IEP0InterruptHandler)
                  0000a6e4    0000001c     AFE44xx.obj (.text:Set_GPIO)
                  0000a700    0000001c     BLE.obj (.text:setDataOff)
                  0000a71c    0000001a     gpio.obj (.text:GPIO_setAsOutputPin)
                  0000a736    0000001a     gpio.obj (.text:GPIO_setAsPeripheralModuleFunctionInputPin)
                  0000a750    0000001a     gpio.obj (.text:GPIO_setAsPeripheralModuleFunctionOutputPin)
                  0000a76a    0000001a     ucs.obj (.text:UCS_getSMCLK)
                  0000a784    0000001a     usb.obj (.text:USB_connect)
                  0000a79e    0000001a     rts430x_lc_sd_eabi.lib : strcat.c.obj (.text:strcat)
                  0000a7b8    0000001a     spansion_flash.obj (.text:waitForSpiToComplete)
                  0000a7d2    00000018     usb.obj (.text:USB_resume)
                  0000a7ea    00000018     BLE.obj (.text:processDeviceCode)
                  0000a802    00000018     rts430x_lc_sd_eabi.lib : mult16_f5hw.asm.obj (.text)
                  0000a81a    00000018     usb.obj (.text:usbClearDeviceFeature)
                  0000a832    00000018     usb.obj (.text:usbSetDeviceFeature)
                  0000a84a    00000016     gpio.obj (.text:GPIO_setOutputHighOnPin)
                  0000a860    00000016     gpio.obj (.text:GPIO_setOutputLowOnPin)
                  0000a876    00000016     gpio.obj (.text:GPIO_toggleOutputOnPin)
                  0000a88c    00000016     usci_uart.obj (.text:USCI_UART_enableInterrupt)
                  0000a8a2    00000016     rts430x_lc_sd_eabi.lib : div16u.asm.obj (.text)
                  0000a8b8    00000016     usb.obj (.text:usbGetConfigurationDescriptor)
                  0000a8ce    00000016     usb.obj (.text:usbGetDeviceDescriptor)
                  0000a8e4    00000014     usbEventHandling.obj (.text:USB_handleVbusOnEvent)
                  0000a8f8    00000014     rts430x_lc_sd_eabi.lib : memset.c.obj (.text:memset)
                  0000a90c    00000014     usb.obj (.text:usbGetConfiguration)
                  0000a920    00000014     usb.obj (.text:usbReceiveDataPacketOnEP0)
                  0000a934    00000014     UsbCdc.obj (.text:usbSetControlLineState)
                  0000a948    00000012     UsbCdc.obj (.text:CdcIsReceiveInProgress)
                  0000a95a    00000012     usci_uart.obj (.text:USCI_UART_receiveData)
                  0000a96c    00000012     usci_uart.obj (.text:USCI_UART_transmitData)
                  0000a97e    00000012     rts430x_lc_sd_eabi.lib : fixdu.c.obj (.text:__mspabi_fixdu)
                  0000a990    00000012     AFE44xx_main.obj (.text:chargerOn)
                  0000a9a2    00000012     rts430x_lc_sd_eabi.lib : memcpy.c.obj (.text:memcpy)
                  0000a9b4    00000012     BLE.obj (.text:setStreamOff)
                  0000a9c6    00000012     BLE.obj (.text:setStreamOn)
                  0000a9d8    00000012     usb.obj (.text:usbSetInterface)
                  0000a9ea    00000010     rts430x_lc_sd_eabi.lib : asr32.asm.obj (.text:l_asr)
                  0000a9fa    00000010                            : lsl32.asm.obj (.text:l_lsl)
                  0000aa0a    00000010                            : lsr32.asm.obj (.text:l_lsr)
                  0000aa1a    0000000e     AFE44xx.obj (.text:Disable_AFE44xx_DRDY_Interrupt)
                  0000aa28    0000000e     AFE44xx.obj (.text:Enable_AFE44xx_DRDY_Interrupt)
                  0000aa36    0000000e     BLE.obj (.text:processStartByte)
                  0000aa44    0000000e     rts430x_lc_sd_eabi.lib : strlen.c.obj (.text:strlen)
                  0000aa52    0000000e     usb.obj (.text:usbInvalidRequest)
                  0000aa60    0000000e     usb.obj (.text:usbSendZeroLengthPacketOnIEP0)
                  0000aa6e    0000000c     UsbCdc.obj (.text:usbSetLineCoding)
                  0000aa7a    0000000a     AFE44xx.obj (.text:Init_AFE44xx_Resource)
                  0000aa84    0000000a     usci_spi.obj (.text:USCI_SPI_isBusy)
                  0000aa8e    0000000a     rts430x_lc_sd_eabi.lib : lsl16.asm.obj (.text)
                  0000aa98    0000000a     usb.obj (.text:usbStallEndpoint0)
                  0000aaa2    00000008     usbEventHandling.obj (.text:USBCDC_handleDataReceived)
                  0000aaaa    00000008     usbEventHandling.obj (.text:USB_handleVbusOffEvent)
                  0000aab2    00000008     usb.obj (.text:USB_setEnabledEvents)
                  0000aaba    00000008     HAL_UCS.obj (.text:XT2_Stop)
                  0000aac2    00000006     usb.obj (.text:USB_getVersion)
                  0000aac8    00000006     usci_i2c.obj (.text:USCI_I2C_enable)
                  0000aace    00000006     usci_spi.obj (.text:USCI_SPI_enable)
                  0000aad4    00000006     usci_spi.obj (.text:USCI_SPI_receiveData)
                  0000aada    00000006     usci_spi.obj (.text:USCI_SPI_transmitData)
                  0000aae0    00000006     usci_uart.obj (.text:USCI_UART_enable)
                  0000aae6    00000006     rts430x_lc_sd_eabi.lib : fltud.c.obj (.text:__mspabi_fltud)
                  0000aaec    00000006                            : exit.c.obj (.text:abort)
                  0000aaf2    00000006     usb.obj (.text:usbClearOEP0ByteCount)
                  0000aaf8    00000006     usb.obj (.text:usbStallOEP0)
                  0000aafe    00000004     usbEventHandling.obj (.text:USBCDC_handleReceiveCompleted)
                  0000ab02    00000004     usbEventHandling.obj (.text:USBCDC_handleSendCompleted)
                  0000ab06    00000004     usbEventHandling.obj (.text:USBCDC_handleSetControlLineState)
                  0000ab0a    00000004     usbEventHandling.obj (.text:USBCDC_handleSetLineCoding)
                  0000ab0e    00000004     usbEventHandling.obj (.text:USB_handleClockEvent)
                  0000ab12    00000004     usbEventHandling.obj (.text:USB_handleEnumCompleteEvent)
                  0000ab16    00000004     usbEventHandling.obj (.text:USB_handleResetEvent)
                  0000ab1a    00000004     usbEventHandling.obj (.text:USB_handleResumeEvent)
                  0000ab1e    00000004     usbEventHandling.obj (.text:USB_handleSuspendEvent)
                  0000ab22    00000004     rts430x_lc_sd_eabi.lib : pre_init.c.obj (.text:_system_pre_init)
                  0000ab26    00000002                            : startup.c.obj (.text:_system_post_cinit)

MODULE SUMMARY

       Module                       code    ro data   rw data
       ------                       ----    -------   -------
    .\
       AFE44xx_main.obj             2196    8         200    
    +--+----------------------------+-------+---------+---------+
       Total:                       2196    8         200    
                                                             
    .\AFE44x0_MSP430F5528_APP\
       CalibrationRoutine.obj       3460    0         80     
       AFE44xx.obj                  1056    0         144    
       config_AFE4403.obj           226     36        0      
    +--+----------------------------+-------+---------+---------+
       Total:                       4742    36        224    
                                                             
    .\F5xx_F6xx_Core_Lib\
       usci_uartbaudrate.obj        2058    48        164    
       BLE.obj                      1366    30        23     
       spansion_flash.obj           558     0         3      
       ucs.obj                      542     0         8      
       HAL_PMM.obj                  430     0         0      
       HAL_I2C.obj                  358     26        0      
       HAL_UCS.obj                  342     0         0      
       usci_spi.obj                 216     14        0      
       gpio.obj                     178     28        0      
       usci_uart.obj                202     0         0      
       MPU9150.obj                  174     0         0      
       HAL_TLV.obj                  74      0         0      
       usci_i2c.obj                 58      0         0      
       fuelGauge.obj                40      0         0      
       spansion_config_flash.obj    0       40        0      
    +--+----------------------------+-------+---------+---------+
       Total:                       6596    186       198    
                                                             
    .\USB\USB_API\USB_CDC_API\
       UsbCdc.obj                   2676    0         34     
    +--+----------------------------+-------+---------+---------+
       Total:                       2676    0         34     
                                                             
    .\USB\USB_API\USB_Common\
       usb.obj                      2298    32        70     
       dma.obj                      138     0         8      
    +--+----------------------------+-------+---------+---------+
       Total:                       2436    32        78     
                                                             
    .\USB\USB_User\
       usbConstructs.obj            168     0         0      
       usbEventHandling.obj         72      0         0      
    +--+----------------------------+-------+---------+---------+
       Total:                       240     0         0      
                                                             
    .\USB\USB_config\
       UsbIsr.obj                   594     2         0      
       descriptors.obj              0       517       0      
    +--+----------------------------+-------+---------+---------+
       Total:                       594     519       0      
                                                             
    C:\ti\ccsv8\tools\compiler\ti-cgt-msp430_18.1.3.LTS\lib\rts430x_lc_sd_eabi.lib
       frcdivd.c.obj                1126    0         0      
       addd.c.obj                   734     0         0      
       frcmpyd.c.obj                640     0         0      
       mpyd.c.obj                   612     0         0      
       frcaddd.c.obj                584     0         0      
       divd.c.obj                   544     0         0      
       copy_decompress_lzss.c.obj   238     0         0      
       cmpd.c.obj                   216     0         0      
       renormd.c.obj                178     0         0      
       fltuld.c.obj                 128     0         0      
       autoinit.c.obj               106     0         0      
       fixdul.c.obj                 104     0         0      
       div32u.asm.obj               88      0         0      
       asr32.asm.obj                78      0         0      
       lsl32.asm.obj                78      0         0      
       lsr32.asm.obj                78      0         0      
       cpy_util.asm.obj             64      0         0      
       div32s.asm.obj               64      0         0      
       copy_zero_init.c.obj         62      0         0      
       copy_decompress_none.c.obj   60      0         0      
       subd.c.obj                   46      0         0      
       div16s.asm.obj               44      0         0      
       strncpy.c.obj                44      0         0      
       mult32_f5hw.asm.obj          36      0         0      
       boot.c.obj                   28      2         0      
       strcat.c.obj                 26      0         0      
       mult16_f5hw.asm.obj          24      0         0      
       div16u.asm.obj               22      0         0      
       memset.c.obj                 20      0         0      
       fixdu.c.obj                  18      0         0      
       memcpy.c.obj                 18      0         0      
       strlen.c.obj                 14      0         0      
       lsl16.asm.obj                10      0         0      
       isr_trap.asm.obj             8       0         0      
       exit.c.obj                   6       0         0      
       fltud.c.obj                  6       0         0      
       pre_init.c.obj               4       0         0      
       int41.asm.obj                0       2         0      
       int43.asm.obj                0       2         0      
       int44.asm.obj                0       2         0      
       int45.asm.obj                0       2         0      
       int46.asm.obj                0       2         0      
       int48.asm.obj                0       2         0      
       int50.asm.obj                0       2         0      
       int52.asm.obj                0       2         0      
       int53.asm.obj                0       2         0      
       int54.asm.obj                0       2         0      
       int55.asm.obj                0       2         0      
       int57.asm.obj                0       2         0      
       int58.asm.obj                0       2         0      
       int59.asm.obj                0       2         0      
       int60.asm.obj                0       2         0      
       int62.asm.obj                0       2         0      
       startup.c.obj                2       0         0      
    +--+----------------------------+-------+---------+---------+
       Total:                       6158    34        0      
                                                             
       Stack:                       0       0         160    
       Linker Generated:            0       208       0      
    +--+----------------------------+-------+---------+---------+
       Grand Total:                 25638   1023      894    


LINKER GENERATED COPY TABLES

__TI_cinit_table @ 0000abe8 records: 2, size/record: 8, table size: 16
	.data: load addr=0000ab28, load size=000000ae bytes, run addr=00002400, run size=000001e8 bytes, compression=lzss
	.bss: load addr=0000abe2, load size=00000006 bytes, run addr=000025e8, run size=000000f7 bytes, compression=zero_init


LINKER GENERATED HANDLER TABLE

__TI_handler_table @ 0000abd6 records: 3, size/record: 4, table size: 12
	index: 0, handler: __TI_zero_init
	index: 1, handler: __TI_decompress_lzss
	index: 2, handler: __TI_decompress_none


GLOBAL SYMBOLS: SORTED ALPHABETICALLY BY Name 

address   name                                       
-------   ----                                       
00000700  ADC12CTL0                                  
00000701  ADC12CTL0_H                                
00000700  ADC12CTL0_L                                
00000702  ADC12CTL1                                  
00000703  ADC12CTL1_H                                
00000702  ADC12CTL1_L                                
00000704  ADC12CTL2                                  
00000705  ADC12CTL2_H                                
00000704  ADC12CTL2_L                                
0000070c  ADC12IE                                    
0000070d  ADC12IE_H                                  
0000070c  ADC12IE_L                                  
0000070a  ADC12IFG                                   
0000070b  ADC12IFG_H                                 
0000070a  ADC12IFG_L                                 
0000070e  ADC12IV                                    
0000070f  ADC12IV_H                                  
0000070e  ADC12IV_L                                  
00000710  ADC12MCTL0                                 
00000711  ADC12MCTL1                                 
0000071a  ADC12MCTL10                                
0000071b  ADC12MCTL11                                
0000071c  ADC12MCTL12                                
0000071d  ADC12MCTL13                                
0000071e  ADC12MCTL14                                
0000071f  ADC12MCTL15                                
00000712  ADC12MCTL2                                 
00000713  ADC12MCTL3                                 
00000714  ADC12MCTL4                                 
00000715  ADC12MCTL5                                 
00000716  ADC12MCTL6                                 
00000717  ADC12MCTL7                                 
00000718  ADC12MCTL8                                 
00000719  ADC12MCTL9                                 
00000720  ADC12MEM0                                  
00000721  ADC12MEM0_H                                
00000720  ADC12MEM0_L                                
00000722  ADC12MEM1                                  
00000734  ADC12MEM10                                 
00000735  ADC12MEM10_H                               
00000734  ADC12MEM10_L                               
00000736  ADC12MEM11                                 
00000737  ADC12MEM11_H                               
00000736  ADC12MEM11_L                               
00000738  ADC12MEM12                                 
00000739  ADC12MEM12_H                               
00000738  ADC12MEM12_L                               
0000073a  ADC12MEM13                                 
0000073b  ADC12MEM13_H                               
0000073a  ADC12MEM13_L                               
0000073c  ADC12MEM14                                 
0000073d  ADC12MEM14_H                               
0000073c  ADC12MEM14_L                               
0000073e  ADC12MEM15                                 
0000073f  ADC12MEM15_H                               
0000073e  ADC12MEM15_L                               
00000723  ADC12MEM1_H                                
00000722  ADC12MEM1_L                                
00000724  ADC12MEM2                                  
00000725  ADC12MEM2_H                                
00000724  ADC12MEM2_L                                
00000726  ADC12MEM3                                  
00000727  ADC12MEM3_H                                
00000726  ADC12MEM3_L                                
00000728  ADC12MEM4                                  
00000729  ADC12MEM4_H                                
00000728  ADC12MEM4_L                                
0000072a  ADC12MEM5                                  
0000072b  ADC12MEM5_H                                
0000072a  ADC12MEM5_L                                
0000072c  ADC12MEM6                                  
0000072d  ADC12MEM6_H                                
0000072c  ADC12MEM6_L                                
0000072e  ADC12MEM7                                  
0000072f  ADC12MEM7_H                                
0000072e  ADC12MEM7_L                                
00000730  ADC12MEM8                                  
00000731  ADC12MEM8_H                                
00000730  ADC12MEM8_L                                
00000732  ADC12MEM9                                  
00000733  ADC12MEM9_H                                
00000732  ADC12MEM9_L                                
00002695  AFE44xxAddr                                
000026a2  AFE44xxRegVal                              
00002400  AFE44xx_Current_Register_Settings          
000046fa  AFE44xx_DRDY_PORT_ISR                      
00007a28  AFE44xx_Default_Reg_Init                   
00009494  AFE44xx_PowerOn_Init                       
000046fe  AFE44xx_RESET                              
00009422  AFE44xx_Reg_Read                           
00009d22  AFE44xx_Reg_Write                          
0000462c  AFE44xx_SPI_Config                         
0000260a  AFE44xx_SPO2_Data_buf                      
0000aaec  C$$EXIT                                    
000025cb  CALIBRATION_ENABLED                        
000008c0  CBCTL0                                     
000008c1  CBCTL0_H                                   
000008c0  CBCTL0_L                                   
000008c2  CBCTL1                                     
000008c3  CBCTL1_H                                   
000008c2  CBCTL1_L                                   
000008c4  CBCTL2                                     
000008c5  CBCTL2_H                                   
000008c4  CBCTL2_L                                   
000008c6  CBCTL3                                     
000008c7  CBCTL3_H                                   
000008c6  CBCTL3_L                                   
000008cc  CBINT                                      
000008cd  CBINT_H                                    
000008cc  CBINT_L                                    
000008ce  CBIV                                       
00000150  CRCDI                                      
00000152  CRCDIRB                                    
00000153  CRCDIRB_H                                  
00000152  CRCDIRB_L                                  
00000151  CRCDI_H                                    
00000150  CRCDI_L                                    
00000154  CRCINIRES                                  
00000155  CRCINIRES_H                                
00000154  CRCINIRES_L                                
00000156  CRCRESR                                    
00000157  CRCRESR_H                                  
00000156  CRCRESR_L                                  
0000a948  CdcIsReceiveInProgress                     
00009fb6  CdcResetData                               
00007d9e  CdcToBufferFromHost                        
00006cca  CdcToHostFromBuffer                        
00008bec  CopyUsbToBuff                              
00000510  DMA0CTL                                    
00000511  DMA0CTL_H                                  
00000510  DMA0CTL_L                                  
00000516  DMA0DA                                     
00000518  DMA0DAH                                    
00000516  DMA0DAL                                    
00000512  DMA0SA                                     
00000514  DMA0SAH                                    
00000512  DMA0SAL                                    
0000051a  DMA0SZ                                     
00000520  DMA1CTL                                    
00000521  DMA1CTL_H                                  
00000520  DMA1CTL_L                                  
00000526  DMA1DA                                     
00000528  DMA1DAH                                    
00000526  DMA1DAL                                    
00000522  DMA1SA                                     
00000524  DMA1SAH                                    
00000522  DMA1SAL                                    
0000052a  DMA1SZ                                     
00000530  DMA2CTL                                    
00000531  DMA2CTL_H                                  
00000530  DMA2CTL_L                                  
00000536  DMA2DA                                     
00000538  DMA2DAH                                    
00000536  DMA2DAL                                    
00000532  DMA2SA                                     
00000534  DMA2SAH                                    
00000532  DMA2SAL                                    
0000053a  DMA2SZ                                     
00000500  DMACTL0                                    
00000501  DMACTL0_H                                  
00000500  DMACTL0_L                                  
00000502  DMACTL1                                    
00000503  DMACTL1_H                                  
00000502  DMACTL1_L                                  
00000504  DMACTL2                                    
00000505  DMACTL2_H                                  
00000504  DMACTL2_L                                  
00000506  DMACTL3                                    
00000507  DMACTL3_H                                  
00000506  DMACTL3_L                                  
00000508  DMACTL4                                    
00000509  DMACTL4_H                                  
00000508  DMACTL4_L                                  
0000050e  DMAIV                                      
0000050f  DMAIV_H                                    
0000050e  DMAIV_L                                    
0000aa1a  Disable_AFE44xx_DRDY_Interrupt             
00009dae  Disable_AFE44xx_SPI_Read                   
0000aa28  Enable_AFE44xx_DRDY_Interrupt              
00009df0  Enable_AFE44xx_SPI_Read                    
00000140  FCTL1                                      
00000141  FCTL1_H                                    
00000140  FCTL1_L                                    
00000144  FCTL3                                      
00000145  FCTL3_H                                    
00000144  FCTL3_L                                    
00000146  FCTL4                                      
00000147  FCTL4_H                                    
00000146  FCTL4_L                                    
000025c2  FastToggle_Period                          
0000a566  GPIO_setAsInputPinWithPullUpResistor       
0000a71c  GPIO_setAsOutputPin                        
0000a736  GPIO_setAsPeripheralModuleFunctionInputPin 
0000a750  GPIO_setAsPeripheralModuleFunctionOutputPin
0000a84a  GPIO_setOutputHighOnPin                    
0000a860  GPIO_setOutputLowOnPin                     
0000a876  GPIO_toggleOutputOnPin                     
00009c00  Get_TLV_Info                               
00009228  HAL_I2C_init                               
00008f78  HAL_I2C_read                               
0000995a  HAL_I2C_write                              
000026a6  HIGH_THR_HYS_HIGH                          
000026aa  HIGH_THR_HYS_LOW                           
00009b0c  Handler_SetLineCoding                      
000046b6  I2C_USCI_B0_Config                         
0000a6c8  IEP0InterruptHandler                       
000026d8  ILED1_CURR_MAX_Code                        
000026d9  ILED1_CURR_MIN_Code                        
000026da  ILED2_CURR_MAX_Code                        
000026db  ILED2_CURR_MIN_Code                        
0000a51c  Init_AFE44xx_DRDY_Interrupt                
0000aa7a  Init_AFE44xx_Resource                      
0000a166  Init_Clock                                 
0000840a  Init_FLL                                   
0000a24a  Init_FLL_Settle                            
0000259c  LED1CalibrationInProgress                  
00002598  LED1CalibrationState                       
00002594  LED1RFValue                                
0000259e  LED1_DISABLE_HIGH_CHECK                    
0000259f  LED1_DISABLE_LOW_CHECK                     
0000259d  LED2CalibrationInProgress                  
0000259a  LED2CalibrationState                       
00002596  LED2RFValue                                
000025a0  LED2_DISABLE_HIGH_CHECK                    
000025a1  LED2_DISABLE_LOW_CHECK                     
000026ae  LOW_THR_HYS_HIGH                           
000026b2  LOW_THR_HYS_LOW                            
000004c4  MAC                                        
000004da  MAC32H                                     
000004db  MAC32H_H                                   
000004da  MAC32H_L                                   
000004d8  MAC32L                                     
000004d9  MAC32L_H                                   
000004d8  MAC32L_L                                   
000004c6  MACS                                       
000004de  MACS32H                                    
000004df  MACS32H_H                                  
000004de  MACS32H_L                                  
000004dc  MACS32L                                    
000004dd  MACS32L_H                                  
000004dc  MACS32L_L                                  
000004c7  MACS_H                                     
000004c6  MACS_L                                     
000004c5  MAC_H                                      
000004c4  MAC_L                                      
00002696  MPU9150_ACCEL_Data_buf                     
000004c0  MPY                                        
000004ec  MPY32CTL0                                  
000004ed  MPY32CTL0_H                                
000004ec  MPY32CTL0_L                                
000004d2  MPY32H                                     
000004d3  MPY32H_H                                   
000004d2  MPY32H_L                                   
000004d0  MPY32L                                     
000004d1  MPY32L_H                                   
000004d0  MPY32L_L                                   
000004c2  MPYS                                       
000004d6  MPYS32H                                    
000004d7  MPYS32H_H                                  
000004d6  MPYS32H_L                                  
000004d4  MPYS32L                                    
000004d5  MPYS32L_H                                  
000004d4  MPYS32L_L                                  
000004c3  MPYS_H                                     
000004c2  MPYS_L                                     
000004c1  MPY_H                                      
000004c0  MPY_L                                      
0000a1da  OEP0InterruptHandler                       
000004c8  OP2                                        
000004e2  OP2H                                       
000004e3  OP2H_H                                     
000004e2  OP2H_L                                     
000004e0  OP2L                                       
000004e1  OP2L_H                                     
000004e0  OP2L_L                                     
000004c9  OP2_H                                      
000004c8  OP2_L                                      
0000020e  P1IV                                       
0000021e  P2IV                                       
000001e0  P4MAP01                                    
000001e1  P4MAP01_H                                  
000001e0  P4MAP01_L                                  
000001e2  P4MAP23                                    
000001e3  P4MAP23_H                                  
000001e2  P4MAP23_L                                  
000001e4  P4MAP45                                    
000001e5  P4MAP45_H                                  
000001e4  P4MAP45_L                                  
000001e6  P4MAP67                                    
000001e7  P4MAP67_H                                  
000001e6  P4MAP67_L                                  
00000204  PADIR                                      
00000205  PADIR_H                                    
00000204  PADIR_L                                    
00000208  PADS                                       
00000209  PADS_H                                     
00000208  PADS_L                                     
0000021a  PAIE                                       
00000218  PAIES                                      
00000219  PAIES_H                                    
00000218  PAIES_L                                    
0000021b  PAIE_H                                     
0000021a  PAIE_L                                     
0000021c  PAIFG                                      
0000021d  PAIFG_H                                    
0000021c  PAIFG_L                                    
00000200  PAIN                                       
00000201  PAIN_H                                     
00000200  PAIN_L                                     
00000202  PAOUT                                      
00000203  PAOUT_H                                    
00000202  PAOUT_L                                    
00000206  PAREN                                      
00000207  PAREN_H                                    
00000206  PAREN_L                                    
0000020a  PASEL                                      
0000020b  PASEL_H                                    
0000020a  PASEL_L                                    
00000224  PBDIR                                      
00000225  PBDIR_H                                    
00000224  PBDIR_L                                    
00000228  PBDS                                       
00000229  PBDS_H                                     
00000228  PBDS_L                                     
00000220  PBIN                                       
00000221  PBIN_H                                     
00000220  PBIN_L                                     
00000222  PBOUT                                      
00000223  PBOUT_H                                    
00000222  PBOUT_L                                    
00000226  PBREN                                      
00000227  PBREN_H                                    
00000226  PBREN_L                                    
0000022a  PBSEL                                      
0000022b  PBSEL_H                                    
0000022a  PBSEL_L                                    
00000244  PCDIR                                      
00000245  PCDIR_H                                    
00000244  PCDIR_L                                    
00000248  PCDS                                       
00000249  PCDS_H                                     
00000248  PCDS_L                                     
00000240  PCIN                                       
00000241  PCIN_H                                     
00000240  PCIN_L                                     
00000242  PCOUT                                      
00000243  PCOUT_H                                    
00000242  PCOUT_L                                    
00000246  PCREN                                      
00000247  PCREN_H                                    
00000246  PCREN_L                                    
0000024a  PCSEL                                      
0000024b  PCSEL_H                                    
0000024a  PCSEL_L                                    
00000324  PJDIR                                      
00000325  PJDIR_H                                    
00000324  PJDIR_L                                    
00000328  PJDS                                       
00000329  PJDS_H                                     
00000328  PJDS_L                                     
00000320  PJIN                                       
00000321  PJIN_H                                     
00000320  PJIN_L                                     
00000322  PJOUT                                      
00000323  PJOUT_H                                    
00000322  PJOUT_L                                    
00000326  PJREN                                      
00000327  PJREN_H                                    
00000326  PJREN_L                                    
00000130  PM5CTL0                                    
00000131  PM5CTL0_H                                  
00000130  PM5CTL0_L                                  
000001c2  PMAPCTL                                    
000001c3  PMAPCTL_H                                  
000001c2  PMAPCTL_L                                  
000001c0  PMAPKEYID                                  
000001c1  PMAPKEYID_H                                
000001c0  PMAPKEYID_L                                
00000120  PMMCTL0                                    
00000121  PMMCTL0_H                                  
00000120  PMMCTL0_L                                  
00000122  PMMCTL1                                    
00000123  PMMCTL1_H                                  
00000122  PMMCTL1_L                                  
0000012c  PMMIFG                                     
0000012d  PMMIFG_H                                   
0000012c  PMMIFG_L                                   
0000012e  PMMRIE                                     
0000012f  PMMRIE_H                                   
0000012e  PMMRIE_L                                   
00009c4a  PWRVBUSoffHandler                          
0000a280  PWRVBUSonHandler                           
00004924  Port_1                                     
00004938  Port_2                                     
00000158  RCCTL0                                     
00000159  RCCTL0_H                                   
00000158  RCCTL0_L                                   
000001b0  REFCTL0                                    
000001b1  REFCTL0_H                                  
000001b0  REFCTL0_L                                  
000004e4  RES0                                       
000004e5  RES0_H                                     
000004e4  RES0_L                                     
000004e6  RES1                                       
000004e7  RES1_H                                     
000004e6  RES1_L                                     
000004e8  RES2                                       
000004e9  RES2_H                                     
000004e8  RES2_L                                     
000004ea  RES3                                       
000004eb  RES3_H                                     
000004ea  RES3_L                                     
000004cc  RESHI                                      
000004cd  RESHI_H                                    
000004cc  RESHI_L                                    
000004ca  RESLO                                      
000004cb  RESLO_H                                    
000004ca  RESLO_L                                    
000004ba  RTCADOWDAY                                 
000004bb  RTCADOWDAY_H                               
000004ba  RTCADOWDAY_L                               
000004b8  RTCAMINHR                                  
000004b9  RTCAMINHR_H                                
000004b8  RTCAMINHR_L                                
000004a0  RTCCTL01                                   
000004a1  RTCCTL01_H                                 
000004a0  RTCCTL01_L                                 
000004a2  RTCCTL23                                   
000004a3  RTCCTL23_H                                 
000004a2  RTCCTL23_L                                 
000004b4  RTCDATE                                    
000004b5  RTCDATE_H                                  
000004b4  RTCDATE_L                                  
000004ae  RTCIV                                      
000004ac  RTCPS                                      
000004a8  RTCPS0CTL                                  
000004a9  RTCPS0CTL_H                                
000004a8  RTCPS0CTL_L                                
000004aa  RTCPS1CTL                                  
000004ab  RTCPS1CTL_H                                
000004aa  RTCPS1CTL_L                                
000004ad  RTCPS_H                                    
000004ac  RTCPS_L                                    
000004b0  RTCTIM0                                    
000004b1  RTCTIM0_H                                  
000004b0  RTCTIM0_L                                  
000004b2  RTCTIM1                                    
000004b3  RTCTIM1_H                                  
000004b2  RTCTIM1_L                                  
000004b6  RTCYEAR                                    
000004b7  RTCYEAR_H                                  
000004b6  RTCYEAR_L                                  
00000100  SFRIE1                                     
00000101  SFRIE1_H                                   
00000100  SFRIE1_L                                   
00000102  SFRIFG1                                    
00000103  SFRIFG1_H                                  
00000102  SFRIFG1_L                                  
00000104  SFRRPCR                                    
00000105  SFRRPCR_H                                  
00000104  SFRRPCR_L                                  
000004ce  SUMEXT                                     
000004cf  SUMEXT_H                                   
000004ce  SUMEXT_L                                   
00000124  SVSMHCTL                                   
00000125  SVSMHCTL_H                                 
00000124  SVSMHCTL_L                                 
00000128  SVSMIO                                     
00000129  SVSMIO_H                                   
00000128  SVSMIO_L                                   
00000126  SVSMLCTL                                   
00000127  SVSMLCTL_H                                 
00000126  SVSMLCTL_L                                 
00000198  SYSBERRIV                                  
00000199  SYSBERRIV_H                                
00000198  SYSBERRIV_L                                
00000182  SYSBSLC                                    
00000183  SYSBSLC_H                                  
00000182  SYSBSLC_L                                  
00000180  SYSCTL                                     
00000181  SYSCTL_H                                   
00000180  SYSCTL_L                                   
00000186  SYSJMBC                                    
00000187  SYSJMBC_H                                  
00000186  SYSJMBC_L                                  
00000188  SYSJMBI0                                   
00000189  SYSJMBI0_H                                 
00000188  SYSJMBI0_L                                 
0000018a  SYSJMBI1                                   
0000018b  SYSJMBI1_H                                 
0000018a  SYSJMBI1_L                                 
0000018c  SYSJMBO0                                   
0000018d  SYSJMBO0_H                                 
0000018c  SYSJMBO0_L                                 
0000018e  SYSJMBO1                                   
0000018f  SYSJMBO1_H                                 
0000018e  SYSJMBO1_L                                 
0000019e  SYSRSTIV                                   
0000019f  SYSRSTIV_H                                 
0000019e  SYSRSTIV_L                                 
0000019c  SYSSNIV                                    
0000019d  SYSSNIV_H                                  
0000019c  SYSSNIV_L                                  
0000019a  SYSUNIV                                    
0000019b  SYSUNIV_H                                  
0000019a  SYSUNIV_L                                  
00009eb6  SetVCore                                   
0000a6e4  Set_GPIO                                   
0000a2b6  Set_UCB1_SPI                               
00009c92  SetupPacketInterruptHandler                
000025c0  SlowToggle_Period                          
00000352  TA0CCR0                                    
00000354  TA0CCR1                                    
00000356  TA0CCR2                                    
00000358  TA0CCR3                                    
0000035a  TA0CCR4                                    
00000342  TA0CCTL0                                   
00000344  TA0CCTL1                                   
00000346  TA0CCTL2                                   
00000348  TA0CCTL3                                   
0000034a  TA0CCTL4                                   
00000340  TA0CTL                                     
00000360  TA0EX0                                     
0000036e  TA0IV                                      
00000350  TA0R                                       
00000392  TA1CCR0                                    
00000394  TA1CCR1                                    
00000396  TA1CCR2                                    
00000382  TA1CCTL0                                   
00000384  TA1CCTL1                                   
00000386  TA1CCTL2                                   
00000380  TA1CTL                                     
000003a0  TA1EX0                                     
000003ae  TA1IV                                      
00000390  TA1R                                       
00000412  TA2CCR0                                    
00000414  TA2CCR1                                    
00000416  TA2CCR2                                    
00000402  TA2CCTL0                                   
00000404  TA2CCTL1                                   
00000406  TA2CCTL2                                   
00000400  TA2CTL                                     
00000420  TA2EX0                                     
0000042e  TA2IV                                      
00000410  TA2R                                       
000026b6  TARGET_THR                                 
000003d2  TB0CCR0                                    
000003d4  TB0CCR1                                    
000003d6  TB0CCR2                                    
000003d8  TB0CCR3                                    
000003da  TB0CCR4                                    
000003dc  TB0CCR5                                    
000003de  TB0CCR6                                    
000003c2  TB0CCTL0                                   
000003c4  TB0CCTL1                                   
000003c6  TB0CCTL2                                   
000003c8  TB0CCTL3                                   
000003ca  TB0CCTL4                                   
000003cc  TB0CCTL5                                   
000003ce  TB0CCTL6                                   
000003c0  TB0CTL                                     
000003e0  TB0EX0                                     
000003ee  TB0IV                                      
000003d0  TB0R                                       
00002590  TFREEZE                                    
00004954  TIMER1_A0_ISR                              
00002592  TIMEWAIT                                   
000005d0  UCA0ABCTL                                  
000005c6  UCA0BRW                                    
000005c7  UCA0BRW_H                                  
000005c6  UCA0BRW_L                                  
000005c0  UCA0CTLW0                                  
000005c1  UCA0CTLW0_H                                
000005c0  UCA0CTLW0_L                                
000005dc  UCA0ICTL                                   
000005dd  UCA0ICTL_H                                 
000005dc  UCA0ICTL_L                                 
000005d2  UCA0IRCTL                                  
000005d3  UCA0IRCTL_H                                
000005d2  UCA0IRCTL_L                                
000005de  UCA0IV                                     
000005c8  UCA0MCTL                                   
000005cc  UCA0RXBUF                                  
000005ca  UCA0STAT                                   
000005ce  UCA0TXBUF                                  
00000610  UCA1ABCTL                                  
00000606  UCA1BRW                                    
00000607  UCA1BRW_H                                  
00000606  UCA1BRW_L                                  
00000600  UCA1CTLW0                                  
00000601  UCA1CTLW0_H                                
00000600  UCA1CTLW0_L                                
0000061c  UCA1ICTL                                   
0000061d  UCA1ICTL_H                                 
0000061c  UCA1ICTL_L                                 
00000612  UCA1IRCTL                                  
00000613  UCA1IRCTL_H                                
00000612  UCA1IRCTL_L                                
0000061e  UCA1IV                                     
00000608  UCA1MCTL                                   
0000060c  UCA1RXBUF                                  
0000060a  UCA1STAT                                   
0000060e  UCA1TXBUF                                  
000005e6  UCB0BRW                                    
000005e7  UCB0BRW_H                                  
000005e6  UCB0BRW_L                                  
000005e0  UCB0CTLW0                                  
000005e1  UCB0CTLW0_H                                
000005e0  UCB0CTLW0_L                                
000005f0  UCB0I2COA                                  
000005f1  UCB0I2COA_H                                
000005f0  UCB0I2COA_L                                
000005f2  UCB0I2CSA                                  
000005f3  UCB0I2CSA_H                                
000005f2  UCB0I2CSA_L                                
000005fc  UCB0ICTL                                   
000005fd  UCB0ICTL_H                                 
000005fc  UCB0ICTL_L                                 
000005fe  UCB0IV                                     
000005ec  UCB0RXBUF                                  
000005ea  UCB0STAT                                   
000005ee  UCB0TXBUF                                  
00000626  UCB1BRW                                    
00000627  UCB1BRW_H                                  
00000626  UCB1BRW_L                                  
00000620  UCB1CTLW0                                  
00000621  UCB1CTLW0_H                                
00000620  UCB1CTLW0_L                                
00000630  UCB1I2COA                                  
00000631  UCB1I2COA_H                                
00000630  UCB1I2COA_L                                
00000632  UCB1I2CSA                                  
00000633  UCB1I2CSA_H                                
00000632  UCB1I2CSA_L                                
0000063c  UCB1ICTL                                   
0000063d  UCB1ICTL_H                                 
0000063c  UCB1ICTL_L                                 
0000063e  UCB1IV                                     
0000062c  UCB1RXBUF                                  
0000062a  UCB1STAT                                   
0000062e  UCB1TXBUF                                  
00000160  UCSCTL0                                    
00000161  UCSCTL0_H                                  
00000160  UCSCTL0_L                                  
00000162  UCSCTL1                                    
00000163  UCSCTL1_H                                  
00000162  UCSCTL1_L                                  
00000164  UCSCTL2                                    
00000165  UCSCTL2_H                                  
00000164  UCSCTL2_L                                  
00000166  UCSCTL3                                    
00000167  UCSCTL3_H                                  
00000166  UCSCTL3_L                                  
00000168  UCSCTL4                                    
00000169  UCSCTL4_H                                  
00000168  UCSCTL4_L                                  
0000016a  UCSCTL5                                    
0000016b  UCSCTL5_H                                  
0000016a  UCSCTL5_L                                  
0000016c  UCSCTL6                                    
0000016d  UCSCTL6_H                                  
0000016c  UCSCTL6_L                                  
0000016e  UCSCTL7                                    
0000016f  UCSCTL7_H                                  
0000016e  UCSCTL7_L                                  
00000170  UCSCTL8                                    
00000171  UCSCTL8_H                                  
00000170  UCSCTL8_L                                  
000025da  UCS_XT1ClockFrequency                      
000025de  UCS_XT2ClockFrequency                      
0000a650  UCS_getACLK                                
0000a76a  UCS_getSMCLK                               
000048ca  UNMI_ISR                                   
00008dba  USBCDC_bytesInUSBBuffer                    
0000aaa2  USBCDC_handleDataReceived                  
0000aafe  USBCDC_handleReceiveCompleted              
0000ab02  USBCDC_handleSendCompleted                 
0000ab06  USBCDC_handleSetControlLineState           
0000ab0a  USBCDC_handleSetLineCoding                 
000089da  USBCDC_intfStatus                          
00006780  USBCDC_receiveData                         
00008d22  USBCDC_sendData                            
00000902  USBCNF                                     
00000903  USBCNF_H                                   
00000902  USBCNF_L                                   
0000093c  USBCTL                                     
0000093a  USBFN                                      
0000093b  USBFN_H                                    
0000093a  USBFN_L                                    
0000093f  USBFUNADR                                  
0000093d  USBIE                                      
00002378  USBIEP0BUF                                 
000023c9  USBIEPBBAX_1                               
000023d1  USBIEPBBAX_2                               
000023d9  USBIEPBBAX_3                               
000023e1  USBIEPBBAX_4                               
000023e9  USBIEPBBAX_5                               
000023f1  USBIEPBBAX_6                               
000023f9  USBIEPBBAX_7                               
000023cd  USBIEPBBAY_1                               
000023d5  USBIEPBBAY_2                               
000023dd  USBIEPBBAY_3                               
000023e5  USBIEPBBAY_4                               
000023ed  USBIEPBBAY_5                               
000023f5  USBIEPBBAY_6                               
000023fd  USBIEPBBAY_7                               
000023ca  USBIEPBCTX_1                               
000023d2  USBIEPBCTX_2                               
000023da  USBIEPBCTX_3                               
000023e2  USBIEPBCTX_4                               
000023ea  USBIEPBCTX_5                               
000023f2  USBIEPBCTX_6                               
000023fa  USBIEPBCTX_7                               
000023ce  USBIEPBCTY_1                               
000023d6  USBIEPBCTY_2                               
000023de  USBIEPBCTY_3                               
000023e6  USBIEPBCTY_4                               
000023ee  USBIEPBCTY_5                               
000023f6  USBIEPBCTY_6                               
000023fe  USBIEPBCTY_7                               
00000920  USBIEPCNF_0                                
000023c8  USBIEPCNF_1                                
000023d0  USBIEPCNF_2                                
000023d8  USBIEPCNF_3                                
000023e0  USBIEPCNF_4                                
000023e8  USBIEPCNF_5                                
000023f0  USBIEPCNF_6                                
[...]
000023fd  USBIEPBBAY_7                               
000023fe  USBIEPBCTY_7                               
000023ff  USBIEPSIZXY_7                              
00002400  AFE44xx_Current_Register_Settings          
00002490  usci_uartbaudrate_UCSx_mod                 
00002510  txString                                   
00002550  wholeString                                
00002590  TFREEZE                                    
00002592  TIMEWAIT                                   
00002594  LED1RFValue                                
00002596  LED2RFValue                                
00002598  LED1CalibrationState                       
0000259a  LED2CalibrationState                       
0000259c  LED1CalibrationInProgress                  
0000259d  LED2CalibrationInProgress                  
0000259e  LED1_DISABLE_HIGH_CHECK                    
0000259f  LED1_DISABLE_LOW_CHECK                     
000025a0  LED2_DISABLE_HIGH_CHECK                    
000025a1  LED2_DISABLE_LOW_CHECK                     
000025be  bCDCDataReceived_event                     
000025c0  SlowToggle_Period                          
000025c2  FastToggle_Period                          
000025c4  readData_Period                            
000025c6  startCaptureFlag                           
000025c7  captureMode                                
000025c8  captureInProgressFlag                      
000025c9  sendDataFlag                               
000025ca  readDataFlag                               
000025cb  CALIBRATION_ENABLED                        
000025cc  currentStreamStatus                        
000025ce  currentSpiStatus                           
000025d0  currentUartStatus                          
000025d2  g_ui8UartReceive                           
000025d3  g_ui8UartMsgLength                         
000025d4  g_ui8UartOpCode                            
000025d6  g_ui16UartCounter                          
000025d8  g_ui8BufferEnable                          
000025da  UCS_XT1ClockFrequency                      
000025de  UCS_XT2ClockFrequency                      
000025e3  bFunctionSuspended                         
000025e4  bEnumerationStatus                         
000025e6  VERSION                                    
000025e8  abramSerialStringDescriptor                
0000260a  AFE44xx_SPO2_Data_buf                      
0000263c  g_ui8UartBuffer                            
00002656  abUsbRequestIncomingData                   
0000265e  abUsbRequestReturnData                     
00002666  calibParams                                
0000266e  usci_uartbaudrate_baudrate                 
00002676  usci_uartbaudrate_brclk                    
0000267e  usci_uartbaudrate_lf_div_f                 
00002686  usci_uartbaudrate_osr_div_f                
00002695  AFE44xxAddr                                
00002696  MPU9150_ACCEL_Data_buf                     
0000269c  acc                                        
000026a2  AFE44xxRegVal                              
000026a6  HIGH_THR_HYS_HIGH                          
000026aa  HIGH_THR_HYS_LOW                           
000026ae  LOW_THR_HYS_HIGH                           
000026b2  LOW_THR_HYS_LOW                            
000026b6  TARGET_THR                                 
000026ba  USB_RX_memcpy                              
000026be  USB_TX_memcpy                              
000026c2  sampleCount                                
000026c6  totalCount                                 
000026ca  g_SpansionMemSelected                      
000026cc  maxLEDCurrent                              
000026ce  usci_uartbaudrate_lf_div_i                 
000026d0  usci_uartbaudrate_osr_div_i                
000026d2  wBytesRemainingOnIEP0                      
000026d4  wBytesRemainingOnOEP0                      
000026d6  wUsbEventMask                              
000026d8  ILED1_CURR_MAX_Code                        
000026d9  ILED1_CURR_MIN_Code                        
000026da  ILED2_CURR_MAX_Code                        
000026db  ILED2_CURR_MIN_Code                        
000026dc  bStatusAction                              
000026dd  fInvokeBSL                                 
000026de  g_bErrorFlashErase                         
00004360  _stack                                     
00004400  __STACK_END                                
00004400  tUsbRequestList                            
0000450a  abromStringDescriptor                      
000045a0  abromConfigurationDescriptorGroup          
000045e4  spansionSpiConfig                          
0000462c  AFE44xx_SPI_Config                         
00004694  abromDeviceDescriptor                      
000046b6  I2C_USCI_B0_Config                         
000046c6  stUsbHandle                                
000046fa  AFE44xx_DRDY_PORT_ISR                      
000046fe  AFE44xx_RESET                              
00004702  iUsbInterruptHandler                       
0000483a  USCI_A0_ISR                                
000048ca  UNMI_ISR                                   
00004908  _c_int00_noargs                            
00004924  Port_1                                     
00004938  Port_2                                     
0000494c  __TI_ISR_TRAP                              
00004954  TIMER1_A0_ISR                              
00004956  main                                       
00004fdc  calibrationLED2                            
000055ac  calibrationLED1                            
00005b44  USCI_UARTBAUDRATE_calculateBaudDividers    
0000603c  __TI_frcdivd                               
000064a2  __mspabi_addd                              
00006780  USBCDC_receiveData                         
00006a4a  __TI_frcmpyd                               
00006cca  CdcToHostFromBuffer                        
00006f42  __mspabi_mpyd                              
000071a6  __TI_frcaddd                               
000073ee  USCI_UARTBAUDRATE_txError                  
0000760e  __mspabi_divd                              
0000782e  initCalibrationRoutine                     
00007a28  AFE44xx_Default_Reg_Init                   
00007c00  USB_reset                                  
00007d9e  CdcToBufferFromHost                        
00007f0a  retInString                                
00008132  spansionFlashInit                          
0000822a  USCI_UARTBAUDRATE_txTbit                   
0000831c  __TI_decompress_lzss                       
0000840a  Init_FLL                                   
000085d0  USB_InitSerialStringDescriptor             
000086ac  __mspabi_cmpd                              
00008858  initAFE44xxCommInterface                   
00008858  initSpi                                    
0000891c  initUart                                   
000089da  USBCDC_intfStatus                          
00008a8c  __TI_renormd                               
00008b3e  initMPU9150                                
00008bec  CopyUsbToBuff                              
00008d22  USBCDC_sendData                            
00008dba  USBCDC_bytesInUSBBuffer                    
00008e50  USB_connectionState                        
00008ee6  usbDecodeAndProcessUsbRequest              
00008f78  HAL_I2C_read                               
00009002  USB_enable                                 
0000908c  USCI_UART_init                             
00009116  usbGetEndpointStatus                       
000091a0  usbGetLineCoding                           
00009228  HAL_I2C_init                               
000092ac  __mspabi_fltuld                            
0000932c  sendBattery                                
000093a8  spansionFlashBulkErase                     
00009422  AFE44xx_Reg_Read                           
00009494  AFE44xx_PowerOn_Init                       
00009502  usbSendNextPacketOnIEP0                    
0000956e  USCI_SPI_masterInit                        
000095d8  __TI_auto_init_nobinit_nopinit_hold_wdt    
00009642  cdcSendDataInBackground                    
000096ac  sendAtCommand                              
00009716  __mspabi_fixdul                            
0000977e  USB_init                                   
000097e4  processEndByte                             
00009846  spansionFlashReadSR1                       
000098a6  checkDisconnect                            
00009900  sendDataOff                                
0000995a  HAL_I2C_write                              
000099b2  __mspabi_divul                             
000099b2  __mspabi_remul                             
00009a0a  sendEcho                                   
00009a60  sendStreamOff                              
00009ab6  sendStreamOn                               
00009b0c  Handler_SetLineCoding                      
00009b5e  USCI_SPI_initMaster                        
00009bb0  usbReceiveNextPacketOnOEP0                 
00009c00  Get_TLV_Info                               
00009c4a  PWRVBUSoffHandler                          
00009c92  SetupPacketInterruptHandler                
00009cda  usbSetEndpointFeature                      
00009d22  AFE44xx_Reg_Write                          
00009d68  usbGetStringDescriptor                     
00009dae  Disable_AFE44xx_SPI_Read                   
00009df0  Enable_AFE44xx_SPI_Read                    
00009e32  processMsgLength                           
00009e74  spansionFlashWriteEnable                   
00009eb6  SetVCore                                   
00009ef6  __memcpy_far                               
00009f36  __mspabi_divli                             
00009f36  __mspabi_remli                             
00009f76  usbClearEndpointFeature                    
00009fb6  CdcResetData                               
00009ff4  cdcReceiveDataInBuffer                     
0000a032  __TI_zero_init_nomemset                    
0000a070  __mspabi_sral_15                           
0000a074  __mspabi_sral_14                           
0000a078  __mspabi_sral_13                           
0000a07c  __mspabi_sral_12                           
0000a080  __mspabi_sral_11                           
0000a084  __mspabi_sral_10                           
0000a088  __mspabi_sral_9                            
0000a08c  __mspabi_sral_8                            
0000a090  __mspabi_sral_7                            
0000a094  __mspabi_sral_6                            
0000a098  __mspabi_sral_5                            
0000a09c  __mspabi_sral_4                            
0000a0a0  __mspabi_sral_3                            
0000a0a4  __mspabi_sral_2                            
0000a0a8  __mspabi_sral_1                            
0000a0ae  __mspabi_slll_15                           
0000a0b2  __mspabi_slll_14                           
0000a0b6  __mspabi_slll_13                           
0000a0ba  __mspabi_slll_12                           
0000a0be  __mspabi_slll_11                           
0000a0c2  __mspabi_slll_10                           
0000a0c6  __mspabi_slll_9                            
0000a0ca  __mspabi_slll_8                            
0000a0ce  __mspabi_slll_7                            
0000a0d2  __mspabi_slll_6                            
0000a0d6  __mspabi_slll_5                            
0000a0da  __mspabi_slll_4                            
0000a0de  __mspabi_slll_3                            
0000a0e2  __mspabi_slll_2                            
0000a0e6  __mspabi_slll_1                            
0000a0ec  __mspabi_srll_15                           
0000a0f0  __mspabi_srll_14                           
0000a0f4  __mspabi_srll_13                           
0000a0f8  __mspabi_srll_12                           
0000a0fc  __mspabi_srll_11                           
0000a100  __mspabi_srll_10                           
0000a104  __mspabi_srll_9                            
0000a108  __mspabi_srll_8                            
0000a10c  __mspabi_srll_7                            
0000a110  __mspabi_srll_6                            
0000a114  __mspabi_srll_5                            
0000a118  __mspabi_srll_4                            
0000a11c  __mspabi_srll_3                            
0000a120  __mspabi_srll_2                            
0000a124  __mspabi_srll_1                            
0000a12a  __TI_decompress_none                       
0000a166  Init_Clock                                 
0000a1a0  ascii2uint8                                
0000a1da  OEP0InterruptHandler                       
0000a212  USB_initMemcpy                             
0000a24a  Init_FLL_Settle                            
0000a280  PWRVBUSonHandler                           
0000a2b6  Set_UCB1_SPI                               
0000a2ec  USCI_I2C_initMaster                        
0000a320  sendDisconnect                             
0000a354  USB_suspend                                
0000a386  USB_connectionInfo                         
0000a3b6  XT2_Start                                  
0000a3e6  memcpyDMA0                                 
0000a416  __mspabi_subd                              
0000a444  processOpCode                              
0000a472  __mspabi_divi                              
0000a472  __mspabi_remi                              
0000a49e  strncpy                                    
0000a4ca  usbGetDeviceStatus                         
0000a4f4  getSOC                                     
0000a51c  Init_AFE44xx_DRDY_Interrupt                
0000a542  __mspabi_mpyl_f5hw                         
0000a566  GPIO_setAsInputPinWithPullUpResistor       
0000a588  USB_disable                                
0000a5aa  ledCurrent2ledCode                         
0000a5cc  memcpyV                                    
0000a5ee  usbSendDataPacketOnEP0                     
0000a610  usbSetAddress                              
0000a630  usbSetConfiguration                        
0000a650  UCS_getACLK                                
0000a66e  readAccelerometerData                      
0000a68c  usbGetInterface                            
0000a6aa  usbGetInterfaceStatus                      
0000a6c8  IEP0InterruptHandler                       
0000a6e4  Set_GPIO                                   
0000a700  setDataOff                                 
0000a71c  GPIO_setAsOutputPin                        
0000a736  GPIO_setAsPeripheralModuleFunctionInputPin 
0000a750  GPIO_setAsPeripheralModuleFunctionOutputPin
0000a76a  UCS_getSMCLK                               
0000a784  USB_connect                                
0000a79e  strcat                                     
0000a7b8  waitForSpiToComplete                       
0000a7d2  USB_resume                                 
0000a7ea  processDeviceCode                          
0000a802  __mspabi_mpyi_f5hw                         
0000a81a  usbClearDeviceFeature                      
0000a832  usbSetDeviceFeature                        
0000a84a  GPIO_setOutputHighOnPin                    
0000a860  GPIO_setOutputLowOnPin                     
0000a876  GPIO_toggleOutputOnPin                     
0000a88c  USCI_UART_enableInterrupt                  
0000a8a2  __mspabi_divu                              
0000a8a2  __mspabi_remu                              
0000a8b8  usbGetConfigurationDescriptor              
0000a8ce  usbGetDeviceDescriptor                     
0000a8e4  USB_handleVbusOnEvent                      
0000a8f8  memset                                     
0000a90c  usbGetConfiguration                        
0000a920  usbReceiveDataPacketOnEP0                  
0000a934  usbSetControlLineState                     
0000a948  CdcIsReceiveInProgress                     
0000a95a  USCI_UART_receiveData                      
0000a96c  USCI_UART_transmitData                     
0000a97e  __mspabi_fixdu                             
0000a990  chargerOn                                  
0000a9a2  memcpy                                     
0000a9b4  setStreamOff                               
0000a9c6  setStreamOn                                
0000a9d8  usbSetInterface                            
0000a9ea  __mspabi_sral                              
0000a9fa  __mspabi_slll                              
0000aa0a  __mspabi_srll                              
0000aa1a  Disable_AFE44xx_DRDY_Interrupt             
0000aa28  Enable_AFE44xx_DRDY_Interrupt              
0000aa36  processStartByte                           
0000aa44  strlen                                     
0000aa52  usbInvalidRequest                          
0000aa60  usbSendZeroLengthPacketOnIEP0              
0000aa6e  usbSetLineCoding                           
0000aa7a  Init_AFE44xx_Resource                      
0000aa84  USCI_SPI_isBusy                            
0000aa8e  __mspabi_slli                              
0000aa98  usbStallEndpoint0                          
0000aaa2  USBCDC_handleDataReceived                  
0000aaaa  USB_handleVbusOffEvent                     
0000aab2  USB_setEnabledEvents                       
0000aaba  XT2_Stop                                   
0000aac2  USB_getVersion                             
0000aac8  USCI_I2C_enable                            
0000aace  USCI_SPI_enable                            
0000aad4  USCI_SPI_receiveData                       
0000aada  USCI_SPI_transmitData                      
0000aae0  USCI_UART_enable                           
0000aae6  __mspabi_fltud                             
0000aaec  C$$EXIT                                    
0000aaec  abort                                      
0000aaf2  usbClearOEP0ByteCount                      
0000aaf8  usbStallOEP0                               
0000aafe  USBCDC_handleReceiveCompleted              
0000ab02  USBCDC_handleSendCompleted                 
0000ab06  USBCDC_handleSetControlLineState           
0000ab0a  USBCDC_handleSetLineCoding                 
0000ab0e  USB_handleClockEvent                       
0000ab12  USB_handleEnumCompleteEvent                
0000ab16  USB_handleResetEvent                       
0000ab1a  USB_handleResumeEvent                      
0000ab1e  USB_handleSuspendEvent                     
0000ab22  _system_pre_init                           
0000ab26  _system_post_cinit                         
0000abd6  __TI_Handler_Table_Base                    
0000abe2  __TI_Handler_Table_Limit                   
0000abe8  __TI_CINIT_Base                            
0000abf8  __TI_CINIT_Limit                           
0000ffd2  __TI_int41                                 
0000ffd4  __TI_int42                                 
0000ffd6  __TI_int43                                 
0000ffd8  __TI_int44                                 
0000ffda  __TI_int45                                 
0000ffdc  __TI_int46                                 
0000ffde  __TI_int47                                 
0000ffe0  __TI_int48                                 
0000ffe2  __TI_int49                                 
0000ffe4  __TI_int50                                 
0000ffe6  __TI_int51                                 
0000ffe8  __TI_int52                                 
0000ffea  __TI_int53                                 
0000ffec  __TI_int54                                 
0000ffee  __TI_int55                                 
0000fff0  __TI_int56                                 
0000fff2  __TI_int57                                 
0000fff4  __TI_int58                                 
0000fff6  __TI_int59                                 
0000fff8  __TI_int60                                 
0000fffa  __TI_int61                                 
0000fffc  __TI_int62                                 
0000fffe  _reset_vector                              
ffffffff  __TI_pprof_out_hndl                        
ffffffff  __TI_prof_data_size                        
ffffffff  __TI_prof_data_start                       
ffffffff  __c_args__                                 

[1132 symbols]
